Component: ARM Compiler 5.06 update 2 (build 183) Tool: armlink [4d35b7]

==============================================================================

Section Cross References

    startup.o(RESET) refers to startup.o(STACK) for __initial_sp
    startup.o(RESET) refers to startup.o(.text) for Reset_Handler
    startup.o(RESET) refers to gpio.o(i.GPIO_IRQHandler) for GPIO_IRQHandler
    startup.o(RESET) refers to analog.o(i.ACMP0_IRQHandler) for ACMP0_IRQHandler
    startup.o(RESET) refers to analog.o(i.ACMP1_IRQHandler) for ACMP1_IRQHandler
    startup.o(RESET) refers to rtc.o(i.RTC_CAP_IRQHandler) for RTC_CAP_IRQHandler
    startup.o(RESET) refers to rtc.o(i.RTC_IRQHandler) for RTC_IRQHandler
    startup.o(RESET) refers to dma.o(i.DMA_IRQHandler) for DMA_IRQHandler
    startup.o(RESET) refers to uart.o(i.UART0_TX_IRQHandler) for UART0_TX_IRQHandler
    startup.o(RESET) refers to uart.o(i.UART0_RX_IRQHandler) for UART0_RX_IRQHandler
    startup.o(RESET) refers to spi.o(i.SPI0_IRQHandler) for SPI0_IRQHandler
    startup.o(RESET) refers to timer.o(i.TIMER0_IRQHandler) for TIMER0_IRQHandler
    startup.o(RESET) refers to timer.o(i.TIMER1_IRQHandler) for TIMER1_IRQHandler
    startup.o(RESET) refers to timer.o(i.TIMER2_IRQHandler) for TIMER2_IRQHandler
    startup.o(RESET) refers to timer.o(i.TIMER3_IRQHandler) for TIMER3_IRQHandler
    startup.o(RESET) refers to wdt.o(i.WDT_IRQHandler) for WDT_IRQHandler
    startup.o(.text) refers to entry.o(.ARM.Collect$$$$00000000) for __main
    system.o(i.SystemIOCfg) refers to math.o(REG_ACCESS_SECTION) for __wr_reg
    system.o(i.SystemInit) refers to lib.o(i.dc_dc_enable) for dc_dc_enable
    system.o(i.SystemInit) refers to lib.o(i.plf_init) for plf_init
    system.o(i.SystemInit) refers to system.o(i.syscon_SetCRSS) for syscon_SetCRSS
    system.o(i.SystemInit) refers to math.o(REG_ACCESS_SECTION) for __wr_reg
    system.o(i.SystemInit) refers to syscon.o(i.syscon_set_sysclk_src) for syscon_set_sysclk_src
    system.o(i.SystemInit) refers to syscon.o(i.syscon_set_ahb_clk) for syscon_set_ahb_clk
    system.o(i.SystemInit) refers to syscon.o(i.syscon_set_apb_clk) for syscon_set_apb_clk
    system.o(i.SystemInit) refers to syscon.o(i.syscon_set_ble_clk) for syscon_set_ble_clk
    system.o(i.SystemInit) refers to syscon.o(i.syscon_set_timer_clk) for syscon_set_timer_clk
    system.o(i.SystemInit) refers to syscon.o(i.syscon_set_usart_clk) for syscon_set_usart_clk
    system.o(i.SystemInit) refers to system.o(i.SystemIOCfg) for SystemIOCfg
    system.o(i.syscon_SetCRSS) refers to math.o(REG_ACCESS_SECTION) for __wr_reg
    adc.o(i.ADC_RESULT_mV) refers to math.o(.text) for __aeabi_lmul
    adc.o(i.ADC_RESULT_mV) refers to adc.o(.data) for ADC_OFFSET
    adc.o(i.__adc_calibrate) refers to lib.o(i.__nvds_get) for __nvds_get
    adc.o(i.__adc_calibrate) refers to adc.o(i.__adc_offset_get) for __adc_offset_get
    adc.o(i.__adc_calibrate) refers to adc.o(.data) for ADC_SCALE
    adc.o(i.__adc_cofig) refers to adc.o(i.syscon_SetADCCRWithMask) for syscon_SetADCCRWithMask
    adc.o(i.__adc_cofig) refers to adc.o(i.adc_adc_SetADC1WithMask) for adc_adc_SetADC1WithMask
    adc.o(i.__adc_offset_get) refers to adc.o(i.adc_adc_SetADC1WithMask) for adc_adc_SetADC1WithMask
    adc.o(i.__adc_offset_get) refers to adc.o(i.adc_read) for adc_read
    adc.o(i.__adc_offset_get) refers to adc.o(.data) for adc_offset_get_done
    adc.o(i.__adc_offset_get) refers to adc.o(i.adc_offset_get_cb) for adc_offset_get_cb
    adc.o(i.adc_adc_GetDATA) refers to math.o(REG_ACCESS_SECTION) for __rd_reg
    adc.o(i.adc_adc_SetADC0WithMask) refers to math.o(REG_ACCESS_SECTION) for __wr_reg_with_msk
    adc.o(i.adc_adc_SetADC1WithMask) refers to math.o(REG_ACCESS_SECTION) for __wr_reg_with_msk
    adc.o(i.adc_buf_gain_set) refers to adc.o(i.adc_adc_SetADC1WithMask) for adc_adc_SetADC1WithMask
    adc.o(i.adc_buf_in_set) refers to adc.o(i.adc_adc_SetADC1WithMask) for adc_adc_SetADC1WithMask
    adc.o(i.adc_buf_in_set) refers to adc.o(.data) for ADC_VCM_flag
    adc.o(i.adc_clean_fifo) refers to adc.o(i.adc_adc_GetDATA) for adc_adc_GetDATA
    adc.o(i.adc_compare_init) refers to math.o(REG_ACCESS_SECTION) for __wr_reg
    adc.o(i.adc_compare_init) refers to adc.o(i.adc_adc_SetADC1WithMask) for adc_adc_SetADC1WithMask
    adc.o(i.adc_decimation_enable) refers to adc.o(i.adc_adc_SetADC1WithMask) for adc_adc_SetADC1WithMask
    adc.o(i.adc_init) refers to math.o(REG_ACCESS_SECTION) for __wr_reg
    adc.o(i.adc_init) refers to adc.o(i.syscon_SetADCCRWithMask) for syscon_SetADCCRWithMask
    adc.o(i.adc_init) refers to adc.o(i.__adc_cofig) for __adc_cofig
    adc.o(i.adc_init) refers to adc.o(i.__adc_calibrate) for __adc_calibrate
    adc.o(i.adc_offset_get_cb) refers to adc.o(.data) for adc_offset_get_done
    adc.o(i.adc_read) refers to adc.o(i.adc_adc_SetADC0WithMask) for adc_adc_SetADC0WithMask
    adc.o(i.adc_read) refers to adc.o(i.adc_adc_GetDATA) for adc_adc_GetDATA
[...]
    printf6.o(i.__0fprintf$6) refers to retarget.o(i.fputc) for fputc
    printf6.o(i.__0printf$6) refers to printf6.o(i._printf_core) for _printf_core
    printf6.o(i.__0printf$6) refers to retarget.o(i.fputc) for fputc
    printf6.o(i.__0printf$6) refers to retarget.o(.data) for __stdout
    printf6.o(i.__0snprintf$6) refers to printf6.o(i._printf_core) for _printf_core
    printf6.o(i.__0snprintf$6) refers to printf6.o(i._snputc) for _snputc
    printf6.o(i.__0sprintf$6) refers to printf6.o(i._printf_core) for _printf_core
    printf6.o(i.__0sprintf$6) refers to printf6.o(i._sputc) for _sputc
    printf6.o(i.__0vfprintf$6) refers to printf6.o(i._printf_core) for _printf_core
    printf6.o(i.__0vfprintf$6) refers to retarget.o(i.fputc) for fputc
    printf6.o(i.__0vprintf$6) refers to printf6.o(i._printf_core) for _printf_core
    printf6.o(i.__0vprintf$6) refers to retarget.o(i.fputc) for fputc
    printf6.o(i.__0vprintf$6) refers to retarget.o(.data) for __stdout
    printf6.o(i.__0vsnprintf$6) refers to printf6.o(i._printf_core) for _printf_core
    printf6.o(i.__0vsnprintf$6) refers to printf6.o(i._snputc) for _snputc
    printf6.o(i.__0vsprintf$6) refers to printf6.o(i._printf_core) for _printf_core
    printf6.o(i.__0vsprintf$6) refers to printf6.o(i._sputc) for _sputc
    printf6.o(i._printf_core) refers to printf6.o(i._printf_pre_padding) for _printf_pre_padding
    printf6.o(i._printf_core) refers to printf6.o(i._printf_post_padding) for _printf_post_padding
    printf6.o(i._printf_core) refers to uidiv.o(.text) for __aeabi_uidivmod
    printf7.o(i.__0fprintf$7) refers to printf7.o(i._printf_core) for _printf_core
    printf7.o(i.__0fprintf$7) refers to retarget.o(i.fputc) for fputc
    printf7.o(i.__0printf$7) refers to printf7.o(i._printf_core) for _printf_core
    printf7.o(i.__0printf$7) refers to retarget.o(i.fputc) for fputc
    printf7.o(i.__0printf$7) refers to retarget.o(.data) for __stdout
    printf7.o(i.__0snprintf$7) refers to printf7.o(i._printf_core) for _printf_core
    printf7.o(i.__0snprintf$7) refers to printf7.o(i._snputc) for _snputc
    printf7.o(i.__0sprintf$7) refers to printf7.o(i._printf_core) for _printf_core
    printf7.o(i.__0sprintf$7) refers to printf7.o(i._sputc) for _sputc
    printf7.o(i.__0vfprintf$7) refers to printf7.o(i._printf_core) for _printf_core
    printf7.o(i.__0vfprintf$7) refers to retarget.o(i.fputc) for fputc
    printf7.o(i.__0vprintf$7) refers to printf7.o(i._printf_core) for _printf_core
    printf7.o(i.__0vprintf$7) refers to retarget.o(i.fputc) for fputc
    printf7.o(i.__0vprintf$7) refers to retarget.o(.data) for __stdout
    printf7.o(i.__0vsnprintf$7) refers to printf7.o(i._printf_core) for _printf_core
    printf7.o(i.__0vsnprintf$7) refers to printf7.o(i._snputc) for _snputc
    printf7.o(i.__0vsprintf$7) refers to printf7.o(i._printf_core) for _printf_core
    printf7.o(i.__0vsprintf$7) refers to printf7.o(i._sputc) for _sputc
    printf7.o(i._printf_core) refers to printf7.o(i._printf_pre_padding) for _printf_pre_padding
    printf7.o(i._printf_core) refers to printf7.o(i._printf_post_padding) for _printf_post_padding
    printf7.o(i._printf_core) refers to math.o(.text) for __aeabi_uldivmod
    printf8.o(i.__0fprintf$8) refers to printf8.o(i._printf_core) for _printf_core
    printf8.o(i.__0fprintf$8) refers to retarget.o(i.fputc) for fputc
    printf8.o(i.__0printf$8) refers to printf8.o(i._printf_core) for _printf_core
    printf8.o(i.__0printf$8) refers to retarget.o(i.fputc) for fputc
    printf8.o(i.__0printf$8) refers to retarget.o(.data) for __stdout
    printf8.o(i.__0snprintf$8) refers to printf8.o(i._printf_core) for _printf_core
    printf8.o(i.__0snprintf$8) refers to printf8.o(i._snputc) for _snputc
    printf8.o(i.__0sprintf$8) refers to printf8.o(i._printf_core) for _printf_core
    printf8.o(i.__0sprintf$8) refers to printf8.o(i._sputc) for _sputc
    printf8.o(i.__0vfprintf$8) refers to printf8.o(i._printf_core) for _printf_core
    printf8.o(i.__0vfprintf$8) refers to retarget.o(i.fputc) for fputc
    printf8.o(i.__0vprintf$8) refers to printf8.o(i._printf_core) for _printf_core
    printf8.o(i.__0vprintf$8) refers to retarget.o(i.fputc) for fputc
    printf8.o(i.__0vprintf$8) refers to retarget.o(.data) for __stdout
    printf8.o(i.__0vsnprintf$8) refers to printf8.o(i._printf_core) for _printf_core
    printf8.o(i.__0vsnprintf$8) refers to printf8.o(i._snputc) for _snputc
    printf8.o(i.__0vsprintf$8) refers to printf8.o(i._printf_core) for _printf_core
    printf8.o(i.__0vsprintf$8) refers to printf8.o(i._sputc) for _sputc
    printf8.o(i._printf_core) refers to printf8.o(i._printf_pre_padding) for _printf_pre_padding
    printf8.o(i._printf_core) refers to printf8.o(i._printf_post_padding) for _printf_post_padding
    printf8.o(i._printf_core) refers to math.o(.text) for __aeabi_uldivmod
    printfa.o(i.__0fprintf) refers (Special) to iusefp.o(.text) for __I$use$fp
    printfa.o(i.__0fprintf) refers to printfa.o(i._printf_core) for _printf_core
    printfa.o(i.__0fprintf) refers to retarget.o(i.fputc) for fputc
    printfa.o(i.__0printf) refers (Special) to iusefp.o(.text) for __I$use$fp
    printfa.o(i.__0printf) refers to printfa.o(i._printf_core) for _printf_core
    printfa.o(i.__0printf) refers to retarget.o(i.fputc) for fputc
    printfa.o(i.__0printf) refers to retarget.o(.data) for __stdout
    printfa.o(i.__0snprintf) refers (Special) to iusefp.o(.text) for __I$use$fp
    printfa.o(i.__0snprintf) refers to printfa.o(i._printf_core) for _printf_core
    printfa.o(i.__0snprintf) refers to printfa.o(i._snputc) for _snputc
    printfa.o(i.__0sprintf) refers (Special) to iusefp.o(.text) for __I$use$fp
    printfa.o(i.__0sprintf) refers to printfa.o(i._printf_core) for _printf_core
    printfa.o(i.__0sprintf) refers to printfa.o(i._sputc) for _sputc
    printfa.o(i.__0vfprintf) refers (Special) to iusefp.o(.text) for __I$use$fp
    printfa.o(i.__0vfprintf) refers to printfa.o(i._printf_core) for _printf_core
    printfa.o(i.__0vfprintf) refers to retarget.o(i.fputc) for fputc
    printfa.o(i.__0vprintf) refers (Special) to iusefp.o(.text) for __I$use$fp
    printfa.o(i.__0vprintf) refers to printfa.o(i._printf_core) for _printf_core
    printfa.o(i.__0vprintf) refers to retarget.o(i.fputc) for fputc
    printfa.o(i.__0vprintf) refers to retarget.o(.data) for __stdout
    printfa.o(i.__0vsnprintf) refers (Special) to iusefp.o(.text) for __I$use$fp
    printfa.o(i.__0vsnprintf) refers to printfa.o(i._printf_core) for _printf_core
    printfa.o(i.__0vsnprintf) refers to printfa.o(i._snputc) for _snputc
    printfa.o(i.__0vsprintf) refers (Special) to iusefp.o(.text) for __I$use$fp
    printfa.o(i.__0vsprintf) refers to printfa.o(i._printf_core) for _printf_core
    printfa.o(i.__0vsprintf) refers to printfa.o(i._sputc) for _sputc
    printfa.o(i._fp_digits) refers (Special) to iusefp.o(.text) for __I$use$fp
    printfa.o(i._fp_digits) refers to dmul.o(.text) for __aeabi_dmul
    printfa.o(i._fp_digits) refers to ddiv.o(.text) for __aeabi_ddiv
    printfa.o(i._fp_digits) refers to cdrcmple.o(.text) for __aeabi_cdrcmple
    printfa.o(i._fp_digits) refers to dadd.o(.text) for __aeabi_dadd
    printfa.o(i._fp_digits) refers to dfixul.o(.text) for __aeabi_d2ulz
    printfa.o(i._fp_digits) refers to math.o(.text) for __aeabi_uldivmod
    printfa.o(i._printf_core) refers (Special) to iusefp.o(.text) for __I$use$fp
    printfa.o(i._printf_core) refers to printfa.o(i._printf_pre_padding) for _printf_pre_padding
    printfa.o(i._printf_core) refers to math.o(.text) for __aeabi_uldivmod
    printfa.o(i._printf_core) refers to printfa.o(i._printf_post_padding) for _printf_post_padding
    printfa.o(i._printf_core) refers to printfa.o(i._fp_digits) for _fp_digits
    printfa.o(i._printf_core) refers to uidiv.o(.text) for __aeabi_uidivmod
    printfa.o(i._printf_post_padding) refers (Special) to iusefp.o(.text) for __I$use$fp
    printfa.o(i._printf_pre_padding) refers (Special) to iusefp.o(.text) for __I$use$fp
    printfa.o(i._snputc) refers (Special) to iusefp.o(.text) for __I$use$fp
    printfa.o(i._sputc) refers (Special) to iusefp.o(.text) for __I$use$fp
    entry2.o(.ARM.Collect$$$$00000001) refers to entry2.o(.ARM.Collect$$$$00002712) for __lit__00000000
    entry2.o(.ARM.Collect$$$$00002712) refers to startup.o(STACK) for __initial_sp
    entry2.o(__vectab_stack_and_reset_area) refers to startup.o(STACK) for __initial_sp
    entry2.o(__vectab_stack_and_reset_area) refers to entry.o(.ARM.Collect$$$$00000000) for __main
    entry5.o(.ARM.Collect$$$$00000004) refers to init.o(.text) for __scatterload
    entry9a.o(.ARM.Collect$$$$0000000B) refers to adc_example.o(i.main) for main
    entry9b.o(.ARM.Collect$$$$0000000C) refers to adc_example.o(i.main) for main
    localtime_w.o(.text) refers to localtime_i.o(.text) for _localtime
    localtime_w.o(.text) refers to localtime_w.o(.bss) for .bss
    localtime_i.o(.text) refers to uidiv.o(.text) for __aeabi_uidivmod
    localtime_i.o(.text) refers to localtime_i.o(.constdata) for .constdata
    dadd.o(.text) refers to llshl.o(.text) for __aeabi_llsl
    dadd.o(.text) refers to llsshr.o(.text) for __aeabi_lasr
    dadd.o(.text) refers to depilogue.o(.text) for _double_epilogue
    dmul.o(.text) refers to depilogue.o(.text) for _double_epilogue
    ddiv.o(.text) refers to depilogue.o(.text) for _double_round
    dfixul.o(.text) refers to llushr.o(.text) for __aeabi_llsr
    dfixul.o(.text) refers to llshl.o(.text) for __aeabi_llsl
    init.o(.text) refers to entry5.o(.ARM.Collect$$$$00000004) for __main_after_scatterload
    depilogue.o(.text) refers to depilogue.o(i.__ARM_clz) for __ARM_clz
    depilogue.o(.text) refers to llshl.o(.text) for __aeabi_llsl
    depilogue.o(.text) refers to llushr.o(.text) for __aeabi_llsr


==============================================================================

Removing Unused input sections from the image.

    Removing startup.o(HEAP), (0 bytes).
    Removing system.o(.rev16_text), (4 bytes).
    Removing system.o(.revsh_text), (4 bytes).
    Removing adc.o(.rev16_text), (4 bytes).
    Removing adc.o(.revsh_text), (4 bytes).
    Removing adc.o(i.adc_buf_gain_set), (28 bytes).
    Removing adc.o(i.adc_buf_in_set), (56 bytes).
    Removing adc.o(i.adc_compare_init), (68 bytes).
    Removing adc.o(i.adc_decimation_enable), (36 bytes).
    Removing analog.o(.rev16_text), (4 bytes).
    Removing analog.o(.revsh_text), (4 bytes).
    Removing analog.o(i.NVIC_ClearPendingIRQ), (20 bytes).
    Removing analog.o(i.NVIC_EnableIRQ), (20 bytes).
    Removing analog.o(i.acmp_enable), (100 bytes).
    Removing analog.o(i.acmp_init), (160 bytes).
    Removing analog.o(i.acmp_sleep_allowed), (104 bytes).
    Removing analog.o(i.battery_monitor_enable), (18 bytes).
    Removing analog.o(i.brown_out_enable), (18 bytes).
    Removing analog.o(i.delay), (16 bytes).
    Removing analog.o(i.syscon_SetAnalogCRWithMask), (22 bytes).
    Removing analog.o(i.temp_sensor_enable), (92 bytes).
    Removing dma.o(.rev16_text), (4 bytes).
    Removing dma.o(.revsh_text), (4 bytes).
    Removing dma.o(i.dev_prevent_sleep), (16 bytes).
    Removing dma.o(i.dma_abort), (28 bytes).
    Removing dma.o(i.dma_check_status), (28 bytes).
    Removing dma.o(i.dma_dma_SetCRWithMask), (22 bytes).
    Removing dma.o(i.dma_dma_SetDST), (16 bytes).
    Removing dma.o(i.dma_dma_SetSRC), (16 bytes).
    Removing dma.o(i.dma_init), (112 bytes).
    Removing dma.o(i.dma_memory_copy), (72 bytes).
    Removing dma.o(i.dma_rx), (88 bytes).
    Removing dma.o(i.dma_transfer), (100 bytes).
    Removing dma.o(i.dma_tx), (88 bytes).
    Removing dma.o(i.syscon_SetCRSC), (16 bytes).
    Removing dma.o(.constdata), (44 bytes).
    Removing gpio.o(.rev16_text), (4 bytes).
    Removing gpio.o(.revsh_text), (4 bytes).
    Removing gpio.o(i.ctz), (70 bytes).
    Removing gpio.o(i.gpio_disable_interrupt), (12 bytes).
    Removing gpio.o(i.gpio_enable_interrupt), (12 bytes).
    Removing gpio.o(i.gpio_gpio_ClrOutEnable), (4 bytes).
    Removing gpio.o(i.gpio_gpio_SetIntFallingEdge), (6 bytes).
    Removing gpio.o(i.gpio_gpio_SetIntRisingEdge), (6 bytes).
    Removing gpio.o(i.gpio_gpio_SetOutEnable), (4 bytes).
    Removing gpio.o(i.gpio_gpio_SetOutputData), (16 bytes).
    Removing gpio.o(i.gpio_init), (52 bytes).
    Removing gpio.o(i.gpio_open_drain_out), (46 bytes).
    Removing gpio.o(i.gpio_pull_set), (92 bytes).
    Removing gpio.o(i.gpio_read_pin), (30 bytes).
    Removing gpio.o(i.gpio_read_pin_field), (18 bytes).
    Removing gpio.o(i.gpio_set_direction), (34 bytes).
    Removing gpio.o(i.gpio_set_direction_field), (40 bytes).
    Removing gpio.o(i.gpio_set_interrupt), (82 bytes).
    Removing gpio.o(i.gpio_sleep_allowed), (38 bytes).
    Removing gpio.o(i.gpio_toggle_pin), (32 bytes).
    Removing gpio.o(i.gpio_wakeup_config), (154 bytes).
    Removing gpio.o(i.gpio_write_pin), (46 bytes).
    Removing gpio.o(i.gpio_write_pin_field), (46 bytes).
    Removing gpio.o(i.syscon_GetIOWCR), (14 bytes).
    Removing i2c.o(.rev16_text), (4 bytes).
    Removing i2c.o(.revsh_text), (4 bytes).
    Removing i2c.o(i.I2C_BYTE_READ), (60 bytes).
    Removing i2c.o(i.I2C_BYTE_READ2), (72 bytes).
    Removing i2c.o(i.I2C_BYTE_WRITE), (52 bytes).
    Removing i2c.o(i.I2C_BYTE_WRITE2), (64 bytes).
    Removing i2c.o(i.I2C_nBYTE_READ), (104 bytes).
    Removing i2c.o(i.I2C_nBYTE_READ2), (112 bytes).
    Removing i2c.o(i.I2C_nBYTE_WRITE), (76 bytes).
    Removing i2c.o(i.I2C_nBYTE_WRITE2), (84 bytes).
    Removing i2c.o(i.i2c_bus_check), (44 bytes).
    Removing i2c.o(i.i2c_i2c_ClrIntStatus), (18 bytes).
    Removing i2c.o(i.i2c_i2c_GetSR), (12 bytes).
    Removing i2c.o(i.i2c_i2c_SetTXD), (18 bytes).
    Removing i2c.o(i.i2c_init), (96 bytes).
    Removing i2c.o(i.i2c_polling), (336 bytes).
    Removing i2c.o(i.i2c_read), (188 bytes).
    Removing i2c.o(i.i2c_write), (112 bytes).
    Removing i2c.o(.bss), (20 bytes).
    Removing pwm.o(.rev16_text), (4 bytes).
    Removing pwm.o(.revsh_text), (4 bytes).
    Removing pwm.o(i.pwm_config), (232 bytes).
    Removing pwm.o(i.pwm_init), (64 bytes).
    Removing pwm.o(i.pwm_pwm_SetCRWithMask), (20 bytes).
    Removing rtc.o(.rev16_text), (4 bytes).
    Removing rtc.o(.revsh_text), (4 bytes).
    Removing rtc.o(i.NVIC_EnableIRQ), (20 bytes).
    Removing rtc.o(i.bcd2dec), (20 bytes).
    Removing rtc.o(i.dec2bcd), (30 bytes).
    Removing rtc.o(i.rtc_calibration), (76 bytes).
    Removing rtc.o(i.rtc_capture_disable), (48 bytes).
    Removing rtc.o(i.rtc_capture_enable), (100 bytes).
    Removing rtc.o(i.rtc_correction), (96 bytes).
    Removing rtc.o(i.rtc_init), (64 bytes).
    Removing rtc.o(i.rtc_rtc_SetCRWithMask), (20 bytes).
    Removing rtc.o(i.rtc_time_set), (168 bytes).
    Removing serialflash.o(.rev16_text), (4 bytes).
    Removing serialflash.o(.revsh_text), (4 bytes).
    Removing serialflash.o(i.block_erase_flash), (52 bytes).
    Removing serialflash.o(i.flash_write_enable), (40 bytes).
    Removing serialflash.o(i.read_flash), (56 bytes).
    Removing serialflash.o(i.sector_erase_flash), (56 bytes).
    Removing serialflash.o(i.set_flash_clock), (20 bytes).
    Removing serialflash.o(i.sf_ctrl_SetCmdAddr), (18 bytes).
    Removing serialflash.o(i.sf_ctrl_SetDataLen), (18 bytes).
    Removing serialflash.o(i.write_flash), (52 bytes).
    Removing sleep.o(.rev16_text), (4 bytes).
    Removing sleep.o(.revsh_text), (4 bytes).
    Removing sleep.o(i.enter_low_power_mode), (112 bytes).
    Removing sleep.o(i.enter_sleep), (452 bytes).
    Removing sleep.o(i.restore_from_low_power_mode), (76 bytes).
    Removing sleep.o(i.sleep_cb), (16 bytes).
    Removing sleep.o(i.sleep_init), (52 bytes).
    Removing sleep.o(i.syscon_GetBLESR), (14 bytes).
    Removing sleep.o(i.syscon_GetCMDCR), (14 bytes).
    Removing sleep.o(i.syscon_SetCMDCRWithMask), (22 bytes).
    Removing sleep.o(i.syscon_SetIvrefX32WithMask), (22 bytes).
    Removing sleep.o(i.syscon_SetPGCR0WithMask), (22 bytes).
    Removing sleep.o(i.syscon_SetPGCR1WithMask), (22 bytes).
    Removing sleep.o(i.syscon_SetPGCR2WithMask), (22 bytes).
    Removing sleep.o(i.wakeup_by_gpio), (80 bytes).
    Removing sleep.o(i.wakeup_by_sleep_timer), (112 bytes).
    Removing spi.o(.rev16_text), (4 bytes).
    Removing spi.o(.revsh_text), (4 bytes).
    Removing spi.o(i.NVIC_EnableIRQ), (20 bytes).
    Removing spi.o(i.spi_check_tx_free), (84 bytes).
    Removing spi.o(i.spi_init), (168 bytes).
    Removing spi.o(i.spi_read), (64 bytes).
    Removing spi.o(i.spi_receive_data), (74 bytes).
    Removing spi.o(i.spi_transmit_data), (50 bytes).
    Removing spi.o(i.spi_write), (64 bytes).
    Removing spi.o(i.syscon_SetCRSC), (16 bytes).
    Removing syscon.o(.rev16_text), (4 bytes).
    Removing syscon.o(.revsh_text), (4 bytes).
    Removing syscon.o(i.clock_32k_correction_cb), (176 bytes).
    Removing syscon.o(i.clock_32k_correction_enable), (68 bytes).
    Removing syscon.o(i.clock_32k_correction_init), (28 bytes).
    Removing syscon.o(i.rco_calibration_cb), (16 bytes).
    Removing syscon.o(i.syscon_GetCMDCR), (14 bytes).
    Removing syscon.o(i.syscon_SetCRSC), (16 bytes).
    Removing syscon.o(i.syscon_SetCRSS), (16 bytes).
    Removing syscon.o(i.syscon_enable_transceiver), (48 bytes).
    Removing syscon.o(i.syscon_get_ahb_clk), (68 bytes).
    Removing syscon.o(i.syscon_get_apb_clk), (64 bytes).
    Removing syscon.o(i.syscon_get_reset_cause), (136 bytes).
    Removing syscon.o(i.timer_enable), (120 bytes).
    Removing timer.o(.rev16_text), (4 bytes).
    Removing timer.o(.revsh_text), (4 bytes).
    Removing timer.o(i.syscon_SetCRSS), (16 bytes).
    Removing timer.o(i.timer_capture_config), (140 bytes).
    Removing timer.o(i.timer_delay), (82 bytes).
    Removing timer.o(i.timer_pwm_config), (192 bytes).
    Removing timer.o(i.timer_reset), (112 bytes).
    Removing uart.o(.rev16_text), (4 bytes).
    Removing uart.o(.revsh_text), (4 bytes).
    Removing uart.o(i.UartGetc), (32 bytes).
    Removing uart.o(i.syscon_SetPMCR0WithMask), (22 bytes).
    Removing uart.o(i.syscon_SetPMCR1WithMask), (22 bytes).
    Removing uart.o(i.uart_check_tx_free), (80 bytes).
    Removing uart.o(i.uart_dump_register), (48 bytes).
    Removing uart.o(i.uart_finish_transfers), (22 bytes).
    Removing uart.o(i.uart_flow_off), (244 bytes).
    Removing uart.o(i.uart_flow_on), (56 bytes).
    Removing uart.o(i.uart_printf), (42 bytes).
    Removing uart.o(i.uart_read), (76 bytes).
    Removing uart.o(i.uart_receive_data), (66 bytes).
    Removing uart.o(i.uart_transmit_data), (86 bytes).
    Removing uart.o(i.uart_write), (76 bytes).
    Removing wdt.o(.rev16_text), (4 bytes).
    Removing wdt.o(.revsh_text), (4 bytes).
    Removing wdt.o(i.wdt_init), (116 bytes).
    Removing wdt.o(i.wdt_set), (28 bytes).
    Removing wdt.o(i.wdt_wdt_SetCR), (18 bytes).
    Removing wdt.o(i.wdt_wdt_SetLDR), (16 bytes).
    Removing retarget.o(.rev16_text), (4 bytes).
    Removing retarget.o(.revsh_text), (4 bytes).
    Removing retarget.o(i._sys_exit), (4 bytes).
    Removing retarget.o(i._ttywrch), (12 bytes).
    Removing retarget.o(i.ferror), (8 bytes).
    Removing retarget.o(i.fgetc), (16 bytes).
    Removing adc_example.o(.rev16_text), (4 bytes).
    Removing adc_example.o(.revsh_text), (4 bytes).
    Removing lib.o(.rev16_text), (4 bytes).
    Removing lib.o(.revsh_text), (4 bytes).
    Removing lib.o(i.__nvds_del), (44 bytes).
    Removing lib.o(i.__nvds_lock), (44 bytes).
    Removing lib.o(i.__nvds_put), (46 bytes).
    Removing lib.o(i.check_ble_wakeup), (20 bytes).
    Removing lib.o(i.nvds_purge), (144 bytes).
    Removing lib.o(i.patch_nvds_put), (372 bytes).
    Removing calibration.o(.rev16_text), (4 bytes).
    Removing calibration.o(.revsh_text), (4 bytes).
    Removing calibration.o(i.cal_cal_SetCAL1WithMask), (10 bytes).
    Removing calibration.o(i.cal_cal_SetCAL3WithMask), (10 bytes).
    Removing calibration.o(i.lo_calibration), (64 bytes).
    Removing calibration.o(i.lo_kcal_calibration), (68 bytes).
    Removing calibration.o(i.pa_calibration), (188 bytes).
    Removing calibration.o(i.r_calibration), (56 bytes).
    Removing calibration.o(i.rc_calibration), (52 bytes).
    Removing calibration.o(i.ref_pll_calibration), (52 bytes).
    Removing calibration.o(i.ros_calibration), (56 bytes).
    Removing dadd.o(.text), (356 bytes).
    Removing dmul.o(.text), (208 bytes).
    Removing ddiv.o(.text), (240 bytes).
    Removing dfixul.o(.text), (64 bytes).
    Removing cdrcmple.o(.text), (40 bytes).
    Removing depilogue.o(.text), (190 bytes).
    Removing depilogue.o(i.__ARM_clz), (46 bytes).

208 unused section(s) (total 11498 bytes) removed from the image.

==============================================================================

Image Symbol Table

    Local Symbols

    Symbol Name                              Value     Ov Type        Size  Object(Section)

    ../clib/microlib/division.c              0x00000000   Number         0  idiv.o ABSOLUTE
    ../clib/microlib/division.c              0x00000000   Number         0  uidiv.o ABSOLUTE
    ../clib/microlib/init/entry.s            0x00000000   Number         0  entry10b.o ABSOLUTE
    ../clib/microlib/init/entry.s            0x00000000   Number         0  entry5.o ABSOLUTE
    ../clib/microlib/init/entry.s            0x00000000   Number         0  entry9a.o ABSOLUTE
    ../clib/microlib/init/entry.s            0x00000000   Number         0  entry8a.o ABSOLUTE
    ../clib/microlib/init/entry.s            0x00000000   Number         0  entry10a.o ABSOLUTE
    ../clib/microlib/init/entry.s            0x00000000   Number         0  entry9b.o ABSOLUTE
    ../clib/microlib/init/entry.s            0x00000000   Number         0  entry7a.o ABSOLUTE
    ../clib/microlib/init/entry.s            0x00000000   Number         0  entry7b.o ABSOLUTE
    ../clib/microlib/init/entry.s            0x00000000   Number         0  entry11b.o ABSOLUTE
    ../clib/microlib/init/entry.s            0x00000000   Number         0  entry11a.o ABSOLUTE
    ../clib/microlib/init/entry.s            0x00000000   Number         0  entry8b.o ABSOLUTE
    ../clib/microlib/init/entry.s            0x00000000   Number         0  entry2.o ABSOLUTE
    ../clib/microlib/init/entry.s            0x00000000   Number         0  entry.o ABSOLUTE
    ../clib/microlib/longlong.c              0x00000000   Number         0  llsshr.o ABSOLUTE
    ../clib/microlib/longlong.c              0x00000000   Number         0  llushr.o ABSOLUTE
    ../clib/microlib/longlong.c              0x00000000   Number         0  llshl.o ABSOLUTE
    ../clib/microlib/printf/printf.c         0x00000000   Number         0  printf5.o ABSOLUTE
    ../clib/microlib/printf/printf.c         0x00000000   Number         0  printf6.o ABSOLUTE
    ../clib/microlib/printf/printf.c         0x00000000   Number         0  printf7.o ABSOLUTE
    ../clib/microlib/printf/printf.c         0x00000000   Number         0  printf0.o ABSOLUTE
    ../clib/microlib/printf/printf.c         0x00000000   Number         0  printfa.o ABSOLUTE
    ../clib/microlib/printf/printf.c         0x00000000   Number         0  printf8.o ABSOLUTE
    ../clib/microlib/printf/printf.c         0x00000000   Number         0  printf2.o ABSOLUTE
    ../clib/microlib/printf/printf.c         0x00000000   Number         0  printf1.o ABSOLUTE
    ../clib/microlib/printf/printf.c         0x00000000   Number         0  printfb.o ABSOLUTE
    ../clib/microlib/printf/printf.c         0x00000000   Number         0  printf3.o ABSOLUTE
    ../clib/microlib/printf/printf.c         0x00000000   Number         0  printf4.o ABSOLUTE
    ../clib/microlib/printf/stubs.s          0x00000000   Number         0  stubs.o ABSOLUTE
    ../clib/microlib/string/memcmp.c         0x00000000   Number         0  memcmp.o ABSOLUTE
    ../clib/microlib/string/memcpy.c         0x00000000   Number         0  memcpyb.o ABSOLUTE
    ../clib/microlib/string/memcpy.c         0x00000000   Number         0  memcpya.o ABSOLUTE
    ../clib/microlib/string/memset.c         0x00000000   Number         0  memseta.o ABSOLUTE
    ../clib/microlib/stubs.s                 0x00000000   Number         0  iusefp.o ABSOLUTE
    ../clib/microlib/stubs.s                 0x00000000   Number         0  useno.o ABSOLUTE
    ../clib/microlib/time/localtime.c        0x00000000   Number         0  localtime_w.o ABSOLUTE
    ../clib/microlib/time/localtime.c        0x00000000   Number         0  localtime_i.o ABSOLUTE
    ../clib/microlib/time/localtime.c        0x00000000   Number         0  localtime.o ABSOLUTE
    ../clib/microlib/time/mktime.c           0x00000000   Number         0  mktime.o ABSOLUTE
    ../fplib/microlib/fpadd.c                0x00000000   Number         0  dadd.o ABSOLUTE
    ../fplib/microlib/fpdiv.c                0x00000000   Number         0  ddiv.o ABSOLUTE
    ../fplib/microlib/fpepilogue.c           0x00000000   Number         0  depilogue.o ABSOLUTE
    ../fplib/microlib/fpfix.c                0x00000000   Number         0  dfixul.o ABSOLUTE
    ../fplib/microlib/fpmul.c                0x00000000   Number         0  dmul.o ABSOLUTE
    ..\..\src\driver\adc.c                   0x00000000   Number         0  adc.o ABSOLUTE
    ..\..\src\driver\analog.c                0x00000000   Number         0  analog.o ABSOLUTE
    ..\..\src\driver\dma.c                   0x00000000   Number         0  dma.o ABSOLUTE
    ..\..\src\driver\gpio.c                  0x00000000   Number         0  gpio.o ABSOLUTE
    ..\..\src\driver\i2c.c                   0x00000000   Number         0  i2c.o ABSOLUTE
    ..\..\src\driver\pwm.c                   0x00000000   Number         0  pwm.o ABSOLUTE
    ..\..\src\driver\rtc.c                   0x00000000   Number         0  rtc.o ABSOLUTE
    ..\..\src\driver\serialflash.c           0x00000000   Number         0  serialflash.o ABSOLUTE
    ..\..\src\driver\sleep.c                 0x00000000   Number         0  sleep.o ABSOLUTE
    ..\..\src\driver\spi.c                   0x00000000   Number         0  spi.o ABSOLUTE
    ..\..\src\driver\syscon.c                0x00000000   Number         0  syscon.o ABSOLUTE
    ..\..\src\driver\timer.c                 0x00000000   Number         0  timer.o ABSOLUTE
    ..\..\src\driver\uart.c                  0x00000000   Number         0  uart.o ABSOLUTE
    ..\..\src\driver\wdt.c                   0x00000000   Number         0  wdt.o ABSOLUTE
    ..\..\src\lib\calibration.c              0x00000000   Number         0  calibration.o ABSOLUTE
    ..\..\src\lib\lib.c                      0x00000000   Number         0  lib.o ABSOLUTE
    ..\..\src\lib\math.s                     0x00000000   Number         0  math.o ABSOLUTE
    ..\..\src\retarget\retarget.c            0x00000000   Number         0  retarget.o ABSOLUTE
    ..\..\src\startup\keil\startup.s         0x00000000   Number         0  startup.o ABSOLUTE
    ..\\..\\src\\driver\\adc.c               0x00000000   Number         0  adc.o ABSOLUTE
    ..\\..\\src\\driver\\analog.c            0x00000000   Number         0  analog.o ABSOLUTE
    ..\\..\\src\\driver\\dma.c               0x00000000   Number         0  dma.o ABSOLUTE
    ..\\..\\src\\driver\\gpio.c              0x00000000   Number         0  gpio.o ABSOLUTE
    ..\\..\\src\\driver\\i2c.c               0x00000000   Number         0  i2c.o ABSOLUTE
    ..\\..\\src\\driver\\pwm.c               0x00000000   Number         0  pwm.o ABSOLUTE
    ..\\..\\src\\driver\\rtc.c               0x00000000   Number         0  rtc.o ABSOLUTE
    ..\\..\\src\\driver\\serialflash.c       0x00000000   Number         0  serialflash.o ABSOLUTE
    ..\\..\\src\\driver\\sleep.c             0x00000000   Number         0  sleep.o ABSOLUTE
    ..\\..\\src\\driver\\spi.c               0x00000000   Number         0  spi.o ABSOLUTE
    ..\\..\\src\\driver\\syscon.c            0x00000000   Number         0  syscon.o ABSOLUTE
    ..\\..\\src\\driver\\timer.c             0x00000000   Number         0  timer.o ABSOLUTE
    ..\\..\\src\\driver\\uart.c              0x00000000   Number         0  uart.o ABSOLUTE
    ..\\..\\src\\driver\\wdt.c               0x00000000   Number         0  wdt.o ABSOLUTE
    ..\\..\\src\\lib\\calibration.c          0x00000000   Number         0  calibration.o ABSOLUTE
    ..\\..\\src\\lib\\lib.c                  0x00000000   Number         0  lib.o ABSOLUTE
    ..\\..\\src\\retarget\\retarget.c        0x00000000   Number         0  retarget.o ABSOLUTE
    ..\\src\\adc_example.c                   0x00000000   Number         0  adc_example.o ABSOLUTE
    ..\\src\\system.c                        0x00000000   Number         0  system.o ABSOLUTE
    ..\src\adc_example.c                     0x00000000   Number         0  adc_example.o ABSOLUTE
    ..\src\system.c                          0x00000000   Number         0  system.o ABSOLUTE
    cdrcmple.s                               0x00000000   Number         0  cdrcmple.o ABSOLUTE
    dc.s                                     0x00000000   Number         0  dc.o ABSOLUTE
    handlers.s                               0x00000000   Number         0  handlers.o ABSOLUTE
    init.s                                   0x00000000   Number         0  init.o ABSOLUTE
    RESET                                    0x10000000   Section      192  startup.o(RESET)
    .ARM.Collect$$$$00000000                 0x100000c0   Section        0  entry.o(.ARM.Collect$$$$00000000)
    .ARM.Collect$$$$00000001                 0x100000c0   Section        4  entry2.o(.ARM.Collect$$$$00000001)
    .ARM.Collect$$$$00000004                 0x100000c4   Section        4  entry5.o(.ARM.Collect$$$$00000004)
    .ARM.Collect$$$$00000008                 0x100000c8   Section        0  entry7b.o(.ARM.Collect$$$$00000008)
    .ARM.Collect$$$$0000000A                 0x100000c8   Section        0  entry8b.o(.ARM.Collect$$$$0000000A)
    .ARM.Collect$$$$0000000B                 0x100000c8   Section        8  entry9a.o(.ARM.Collect$$$$0000000B)
    .ARM.Collect$$$$0000000D                 0x100000d0   Section        0  entry10a.o(.ARM.Collect$$$$0000000D)
    .ARM.Collect$$$$0000000F                 0x100000d0   Section        0  entry11a.o(.ARM.Collect$$$$0000000F)
    .ARM.Collect$$$$00002712                 0x100000d0   Section        4  entry2.o(.ARM.Collect$$$$00002712)
    __lit__00000000                          0x100000d0   Data           4  entry2.o(.ARM.Collect$$$$00002712)
    .text                                    0x100000d4   Section       48  startup.o(.text)
    .text                                    0x10000104   Section      422  math.o(.text)
    .text                                    0x100002aa   Section        0  uidiv.o(.text)
    .text                                    0x100002d6   Section        0  idiv.o(.text)
    .text                                    0x100002fe   Section        0  memcpya.o(.text)
    .text                                    0x10000322   Section        0  memcmp.o(.text)
    .text                                    0x1000033c   Section        0  localtime_w.o(.text)
    .text                                    0x1000034c   Section        0  localtime_i.o(.text)
    .text                                    0x100003c0   Section       36  init.o(.text)
    REG_ACCESS_SECTION                       0x100003e4   Section       30  math.o(REG_ACCESS_SECTION)
    i.ACMP0_IRQHandler                       0x10000404   Section        0  analog.o(i.ACMP0_IRQHandler)
    i.ACMP1_IRQHandler                       0x1000041c   Section        0  analog.o(i.ACMP1_IRQHandler)
    i.ADC_RESULT_mV                          0x10000434   Section        0  adc.o(i.ADC_RESULT_mV)
    i.DMA_IRQHandler                         0x1000047c   Section        0  dma.o(i.DMA_IRQHandler)
    i.GPIO_IRQHandler                        0x100004c8   Section        0  gpio.o(i.GPIO_IRQHandler)
    i.NVIC_EnableIRQ                         0x10000540   Section        0  timer.o(i.NVIC_EnableIRQ)
    NVIC_EnableIRQ                           0x10000541   Thumb Code    14  timer.o(i.NVIC_EnableIRQ)
    i.NVIC_EnableIRQ                         0x10000554   Section        0  uart.o(i.NVIC_EnableIRQ)
    NVIC_EnableIRQ                           0x10000555   Thumb Code    14  uart.o(i.NVIC_EnableIRQ)
    i.RTC_CAP_IRQHandler                     0x10000568   Section        0  rtc.o(i.RTC_CAP_IRQHandler)
    i.RTC_IRQHandler                         0x100005ac   Section        0  rtc.o(i.RTC_IRQHandler)
    i.SPI0_IRQHandler                        0x100005e4   Section        0  spi.o(i.SPI0_IRQHandler)
    i.SystemIOCfg                            0x100006a8   Section        0  system.o(i.SystemIOCfg)
    SystemIOCfg                              0x100006a9   Thumb Code    94  system.o(i.SystemIOCfg)
    i.SystemInit                             0x10000714   Section        0  system.o(i.SystemInit)
    i.TIMER0_IRQHandler                      0x10000794   Section        0  timer.o(i.TIMER0_IRQHandler)
    i.TIMER1_IRQHandler                      0x100007f0   Section        0  timer.o(i.TIMER1_IRQHandler)
    i.TIMER2_IRQHandler                      0x1000084c   Section        0  timer.o(i.TIMER2_IRQHandler)
    i.TIMER3_IRQHandler                      0x100008a8   Section        0  timer.o(i.TIMER3_IRQHandler)
    i.UART0_RX_IRQHandler                    0x10000904   Section        0  uart.o(i.UART0_RX_IRQHandler)
    i.UART0_TX_IRQHandler                    0x100009b0   Section        0  uart.o(i.UART0_TX_IRQHandler)
    i.UartPutc                               0x10000a14   Section        0  uart.o(i.UartPutc)
    i.WDT_IRQHandler                         0x10000a48   Section        0  wdt.o(i.WDT_IRQHandler)
    i.__0printf$8                            0x10000a60   Section        0  printf8.o(i.__0printf$8)
    i.__adc_calibrate                        0x10000a80   Section        0  adc.o(i.__adc_calibrate)
    __adc_calibrate                          0x10000a81   Thumb Code   150  adc.o(i.__adc_calibrate)
    i.__adc_cofig                            0x10000b34   Section        0  adc.o(i.__adc_cofig)
    __adc_cofig                              0x10000b35   Thumb Code    64  adc.o(i.__adc_cofig)
    i.__adc_offset_get                       0x10000b7c   Section        0  adc.o(i.__adc_offset_get)
    __adc_offset_get                         0x10000b7d   Thumb Code    78  adc.o(i.__adc_offset_get)
    i.__nvds_get                             0x10000bdc   Section        0  lib.o(i.__nvds_get)
    i.__nvds_wrtie                           0x10000c10   Section        0  lib.o(i.__nvds_wrtie)
    __nvds_wrtie                             0x10000c11   Thumb Code   214  lib.o(i.__nvds_wrtie)
    i.__scatterload_copy                     0x10000cf0   Section       14  handlers.o(i.__scatterload_copy)
    i.__scatterload_null                     0x10000cfe   Section        2  handlers.o(i.__scatterload_null)
    i.__scatterload_zeroinit                 0x10000d00   Section       14  handlers.o(i.__scatterload_zeroinit)
    i.__set_PRIMASK                          0x10000d0e   Section        0  spi.o(i.__set_PRIMASK)
    __set_PRIMASK                            0x10000d0f   Thumb Code     6  spi.o(i.__set_PRIMASK)
    i._printf_core                           0x10000d14   Section        0  printf8.o(i._printf_core)
    _printf_core                             0x10000d15   Thumb Code  1020  printf8.o(i._printf_core)
    i._printf_post_padding                   0x1000113c   Section        0  printf8.o(i._printf_post_padding)
    _printf_post_padding                     0x1000113d   Thumb Code    32  printf8.o(i._printf_post_padding)
    i._printf_pre_padding                    0x1000115c   Section        0  printf8.o(i._printf_pre_padding)
    _printf_pre_padding                      0x1000115d   Thumb Code    44  printf8.o(i._printf_pre_padding)
    i.adc_adc_GetDATA                        0x10001188   Section        0  adc.o(i.adc_adc_GetDATA)
    adc_adc_GetDATA                          0x10001189   Thumb Code    14  adc.o(i.adc_adc_GetDATA)
    i.adc_adc_SetADC0WithMask                0x10001196   Section        0  adc.o(i.adc_adc_SetADC0WithMask)
    adc_adc_SetADC0WithMask                  0x10001197   Thumb Code    20  adc.o(i.adc_adc_SetADC0WithMask)
    i.adc_adc_SetADC1WithMask                0x100011aa   Section        0  adc.o(i.adc_adc_SetADC1WithMask)
    adc_adc_SetADC1WithMask                  0x100011ab   Thumb Code    20  adc.o(i.adc_adc_SetADC1WithMask)
    i.adc_clean_fifo                         0x100011c0   Section        0  adc.o(i.adc_clean_fifo)
    i.adc_init                               0x100011e0   Section        0  adc.o(i.adc_init)
    i.adc_offset_get_cb                      0x100012c0   Section        0  adc.o(i.adc_offset_get_cb)
    adc_offset_get_cb                        0x100012c1   Thumb Code     8  adc.o(i.adc_offset_get_cb)
    i.adc_read                               0x100012cc   Section        0  adc.o(i.adc_read)
    i.adc_test_cb                            0x10001430   Section        0  adc_example.o(i.adc_test_cb)
    adc_test_cb                              0x10001431   Thumb Code     8  adc_example.o(i.adc_test_cb)
    i.cal_cal_ClrSR                          0x1000143c   Section        0  calibration.o(i.cal_cal_ClrSR)
    cal_cal_ClrSR                            0x1000143d   Thumb Code    10  calibration.o(i.cal_cal_ClrSR)
    i.cal_cal_GetSR                          0x10001446   Section        0  calibration.o(i.cal_cal_GetSR)
    cal_cal_GetSR                            0x10001447   Thumb Code    10  calibration.o(i.cal_cal_GetSR)
    i.cal_cal_SetCAL0WithMask                0x10001450   Section        0  lib.o(i.cal_cal_SetCAL0WithMask)
    cal_cal_SetCAL0WithMask                  0x10001451   Thumb Code     8  lib.o(i.cal_cal_SetCAL0WithMask)
    i.cal_cal_SetCAL0WithMask                0x10001458   Section        0  calibration.o(i.cal_cal_SetCAL0WithMask)
    cal_cal_SetCAL0WithMask                  0x10001459   Thumb Code     8  calibration.o(i.cal_cal_SetCAL0WithMask)
    i.cal_cal_SetCAL1WithMask                0x10001460   Section        0  lib.o(i.cal_cal_SetCAL1WithMask)
    cal_cal_SetCAL1WithMask                  0x10001461   Thumb Code    10  lib.o(i.cal_cal_SetCAL1WithMask)
    i.cal_cal_SetCAL4WithMask                0x1000146a   Section        0  calibration.o(i.cal_cal_SetCAL4WithMask)
    cal_cal_SetCAL4WithMask                  0x1000146b   Thumb Code    10  calibration.o(i.cal_cal_SetCAL4WithMask)
    i.calibration_init                       0x10001474   Section        0  calibration.o(i.calibration_init)
    i.dc_dc_enable                           0x10001514   Section        0  lib.o(i.dc_dc_enable)
    i.dev_allow_sleep                        0x10001554   Section        0  dma.o(i.dev_allow_sleep)
    dev_allow_sleep                          0x10001555   Thumb Code    12  dma.o(i.dev_allow_sleep)
    i.dev_allow_sleep                        0x10001564   Section        0  adc_example.o(i.dev_allow_sleep)
    dev_allow_sleep                          0x10001565   Thumb Code    12  adc_example.o(i.dev_allow_sleep)
    i.dma_dma_ClrIntStatus                   0x10001574   Section        0  dma.o(i.dma_dma_ClrIntStatus)
    dma_dma_ClrIntStatus                     0x10001575   Thumb Code    18  dma.o(i.dma_dma_ClrIntStatus)
    i.dma_dma_GetIntStatus                   0x10001586   Section        0  dma.o(i.dma_dma_GetIntStatus)
    dma_dma_GetIntStatus                     0x10001587   Thumb Code    14  dma.o(i.dma_dma_GetIntStatus)
    i.dp_dp_SetRegWithMask                   0x10001594   Section        0  lib.o(i.dp_dp_SetRegWithMask)
    dp_dp_SetRegWithMask                     0x10001595   Thumb Code    12  lib.o(i.dp_dp_SetRegWithMask)
    i.fputc                                  0x100015a4   Section        0  retarget.o(i.fputc)
    i.freq_hop_calibration                   0x100015b4   Section        0  calibration.o(i.freq_hop_calibration)
    i.is_flash_busy                          0x10001644   Section        0  serialflash.o(i.is_flash_busy)
    is_flash_busy                            0x10001645   Thumb Code    40  serialflash.o(i.is_flash_busy)
    i.is_flash_off                           0x10001674   Section        0  lib.o(i.is_flash_off)
    is_flash_off                             0x10001675   Thumb Code    20  lib.o(i.is_flash_off)
    i.is_flash_present                       0x1000168c   Section        0  serialflash.o(i.is_flash_present)
    i.main                                   0x100016ac   Section        0  adc_example.o(i.main)
    i.nvds_copy                              0x1000172c   Section        0  lib.o(i.nvds_copy)
    nvds_copy                                0x1000172d   Thumb Code    58  lib.o(i.nvds_copy)
    i.nvds_erase                             0x1000176c   Section        0  lib.o(i.nvds_erase)
    nvds_erase                               0x1000176d   Thumb Code    40  lib.o(i.nvds_erase)
    i.nvds_read                              0x10001798   Section        0  lib.o(i.nvds_read)
    nvds_read                                0x10001799   Thumb Code   138  lib.o(i.nvds_read)
    i.nvds_restore_backup                    0x1000182c   Section        0  lib.o(i.nvds_restore_backup)
    nvds_restore_backup                      0x1000182d   Thumb Code    98  lib.o(i.nvds_restore_backup)
    i.nvds_write                             0x1000189c   Section        0  lib.o(i.nvds_write)
    nvds_write                               0x1000189d   Thumb Code    78  lib.o(i.nvds_write)
    i.plf_init                               0x100018ec   Section        0  lib.o(i.plf_init)
    i.power_off_flash                        0x10001b58   Section        0  serialflash.o(i.power_off_flash)
    i.power_on_flash                         0x10001b84   Section        0  serialflash.o(i.power_on_flash)
    i.powerup_calibration                    0x10001bd0   Section        0  lib.o(i.powerup_calibration)
    powerup_calibration                      0x10001bd1   Thumb Code   336  lib.o(i.powerup_calibration)
    i.rco_calibration                        0x10001d50   Section        0  calibration.o(i.rco_calibration)
    i.read_flash_id                          0x10001d84   Section        0  serialflash.o(i.read_flash_id)
    i.rtc_rtc_ClrSR                          0x10001d94   Section        0  rtc.o(i.rtc_rtc_ClrSR)
    rtc_rtc_ClrSR                            0x10001d95   Thumb Code    16  rtc.o(i.rtc_rtc_ClrSR)
    i.rtc_rtc_GetSR                          0x10001da4   Section        0  rtc.o(i.rtc_rtc_GetSR)
    rtc_rtc_GetSR                            0x10001da5   Thumb Code    12  rtc.o(i.rtc_rtc_GetSR)
    i.rtc_time_get                           0x10001db0   Section        0  rtc.o(i.rtc_time_get)
    i.rtc_time_parse                         0x10001ddc   Section        0  rtc.o(i.rtc_time_parse)
    rtc_time_parse                           0x10001ddd   Thumb Code    70  rtc.o(i.rtc_time_parse)
    i.sector_erase_flash_patch               0x10001e28   Section        0  lib.o(i.sector_erase_flash_patch)
    sector_erase_flash_patch                 0x10001e29   Thumb Code    40  lib.o(i.sector_erase_flash_patch)
    i.seq_calibration                        0x10001e58   Section        0  calibration.o(i.seq_calibration)
    i.sf_ctrl_SetCRWithMask                  0x10001ef0   Section        0  serialflash.o(i.sf_ctrl_SetCRWithMask)
    sf_ctrl_SetCRWithMask                    0x10001ef1   Thumb Code    22  serialflash.o(i.sf_ctrl_SetCRWithMask)
    i.spi_int_enable                         0x10001f08   Section        0  spi.o(i.spi_int_enable)
    spi_int_enable                           0x10001f09   Thumb Code   182  spi.o(i.spi_int_enable)
    i.spi_rx_data                            0x10001fd0   Section        0  spi.o(i.spi_rx_data)
    spi_rx_data                              0x10001fd1   Thumb Code    82  spi.o(i.spi_rx_data)
    i.spi_spi_GetRXD                         0x10002022   Section        0  spi.o(i.spi_spi_GetRXD)
    spi_spi_GetRXD                           0x10002023   Thumb Code    14  spi.o(i.spi_spi_GetRXD)
    i.spi_spi_GetSR                          0x10002030   Section        0  spi.o(i.spi_spi_GetSR)
    spi_spi_GetSR                            0x10002031   Thumb Code    14  spi.o(i.spi_spi_GetSR)
    i.spi_spi_SetTXD                         0x1000203e   Section        0  spi.o(i.spi_spi_SetTXD)
    spi_spi_SetTXD                           0x1000203f   Thumb Code    18  spi.o(i.spi_spi_SetTXD)
    i.spi_tx_data                            0x10002050   Section        0  spi.o(i.spi_tx_data)
    spi_tx_data                              0x10002051   Thumb Code    80  spi.o(i.spi_tx_data)
    i.syscon_SetADCCRWithMask                0x100020a0   Section        0  adc.o(i.syscon_SetADCCRWithMask)
    syscon_SetADCCRWithMask                  0x100020a1   Thumb Code    22  adc.o(i.syscon_SetADCCRWithMask)
    i.syscon_SetCMDCRWithMask                0x100020b6   Section        0  syscon.o(i.syscon_SetCMDCRWithMask)
    syscon_SetCMDCRWithMask                  0x100020b7   Thumb Code    22  syscon.o(i.syscon_SetCMDCRWithMask)
    i.syscon_SetCRSC                         0x100020cc   Section        0  timer.o(i.syscon_SetCRSC)
    syscon_SetCRSC                           0x100020cd   Thumb Code    16  timer.o(i.syscon_SetCRSC)
    i.syscon_SetCRSC                         0x100020dc   Section        0  uart.o(i.syscon_SetCRSC)
    syscon_SetCRSC                           0x100020dd   Thumb Code    16  uart.o(i.syscon_SetCRSC)
    i.syscon_SetCRSS                         0x100020ec   Section        0  system.o(i.syscon_SetCRSS)
    syscon_SetCRSS                           0x100020ed   Thumb Code    16  system.o(i.syscon_SetCRSS)
    i.syscon_SetIvrefX32WithMask             0x100020fc   Section        0  lib.o(i.syscon_SetIvrefX32WithMask)
    syscon_SetIvrefX32WithMask               0x100020fd   Thumb Code    10  lib.o(i.syscon_SetIvrefX32WithMask)
    i.syscon_SetPGCR1WithMask                0x10002106   Section        0  syscon.o(i.syscon_SetPGCR1WithMask)
    syscon_SetPGCR1WithMask                  0x10002107   Thumb Code    22  syscon.o(i.syscon_SetPGCR1WithMask)
    i.syscon_SetPGCR1WithMask                0x1000211c   Section        0  lib.o(i.syscon_SetPGCR1WithMask)
    syscon_SetPGCR1WithMask                  0x1000211d   Thumb Code    10  lib.o(i.syscon_SetPGCR1WithMask)
    i.syscon_SetPGCR2WithMask                0x10002126   Section        0  serialflash.o(i.syscon_SetPGCR2WithMask)
    syscon_SetPGCR2WithMask                  0x10002127   Thumb Code    22  serialflash.o(i.syscon_SetPGCR2WithMask)
    i.syscon_set_ahb_clk                     0x1000213c   Section        0  syscon.o(i.syscon_set_ahb_clk)
    i.syscon_set_apb_clk                     0x10002188   Section        0  syscon.o(i.syscon_set_apb_clk)
    i.syscon_set_ble_clk                     0x100021d0   Section        0  syscon.o(i.syscon_set_ble_clk)
    i.syscon_set_sysclk_src                  0x1000221c   Section        0  syscon.o(i.syscon_set_sysclk_src)
    i.syscon_set_timer_clk                   0x100022fc   Section        0  syscon.o(i.syscon_set_timer_clk)
    i.syscon_set_usart_clk                   0x10002334   Section        0  syscon.o(i.syscon_set_usart_clk)
    i.timer_config                           0x100023b8   Section        0  timer.o(i.timer_config)
    i.timer_enable                           0x1000242c   Section        0  timer.o(i.timer_enable)
    timer_enable                             0x1000242d   Thumb Code    94  timer.o(i.timer_enable)
    i.timer_enable                           0x100024a0   Section        0  adc_example.o(i.timer_enable)
    timer_enable                             0x100024a1   Thumb Code    88  adc_example.o(i.timer_enable)
    i.timer_init                             0x1000250c   Section        0  timer.o(i.timer_init)
    i.timer_test_cb                          0x100025d4   Section        0  adc_example.o(i.timer_test_cb)
    timer_test_cb                            0x100025d5   Thumb Code    98  adc_example.o(i.timer_test_cb)
    i.timer_timer_ClrIntFlag                 0x10002660   Section        0  timer.o(i.timer_timer_ClrIntFlag)
    timer_timer_ClrIntFlag                   0x10002661   Thumb Code    16  timer.o(i.timer_timer_ClrIntFlag)
    i.timer_timer_GetCCR                     0x10002670   Section        0  timer.o(i.timer_timer_GetCCR)
    timer_timer_GetCCR                       0x10002671   Thumb Code    14  timer.o(i.timer_timer_GetCCR)
    i.timer_timer_GetICER                    0x1000267e   Section        0  timer.o(i.timer_timer_GetICER)
    timer_timer_GetICER                      0x1000267f   Thumb Code    14  timer.o(i.timer_timer_GetICER)
    i.timer_timer_GetIntFlag                 0x1000268c   Section        0  timer.o(i.timer_timer_GetIntFlag)
    timer_timer_GetIntFlag                   0x1000268d   Thumb Code    12  timer.o(i.timer_timer_GetIntFlag)
    i.timer_timer_SetCR                      0x10002698   Section        0  timer.o(i.timer_timer_SetCR)
    timer_timer_SetCR                        0x10002699   Thumb Code    16  timer.o(i.timer_timer_SetCR)
    i.timer_timer_SetCRWithMask              0x100026a8   Section        0  timer.o(i.timer_timer_SetCRWithMask)
    timer_timer_SetCRWithMask                0x100026a9   Thumb Code    20  timer.o(i.timer_timer_SetCRWithMask)
    i.timer_timer_SetTOPR                    0x100026bc   Section        0  timer.o(i.timer_timer_SetTOPR)
    timer_timer_SetTOPR                      0x100026bd   Thumb Code    18  timer.o(i.timer_timer_SetTOPR)
    i.uart_init                              0x100026d0   Section        0  uart.o(i.uart_init)
    i.uart_rx_int_enable                     0x1000278c   Section        0  uart.o(i.uart_rx_int_enable)
    uart_rx_int_enable                       0x1000278d   Thumb Code    22  uart.o(i.uart_rx_int_enable)
    i.uart_tx_enable                         0x100027a4   Section        0  adc_example.o(i.uart_tx_enable)
    uart_tx_enable                           0x100027a5   Thumb Code    72  adc_example.o(i.uart_tx_enable)
    i.uart_tx_int_enable                     0x100027f0   Section        0  uart.o(i.uart_tx_int_enable)
    uart_tx_int_enable                       0x100027f1   Thumb Code    70  uart.o(i.uart_tx_int_enable)
    i.uart_uart_ClrIntFlag                   0x10002840   Section        0  uart.o(i.uart_uart_ClrIntFlag)
    uart_uart_ClrIntFlag                     0x10002841   Thumb Code    18  uart.o(i.uart_uart_ClrIntFlag)
    i.uart_uart_GetIntFlag                   0x10002852   Section        0  uart.o(i.uart_uart_GetIntFlag)
    uart_uart_GetIntFlag                     0x10002853   Thumb Code    14  uart.o(i.uart_uart_GetIntFlag)
    i.uart_uart_GetRXD                       0x10002860   Section        0  uart.o(i.uart_uart_GetRXD)
    uart_uart_GetRXD                         0x10002861   Thumb Code    14  uart.o(i.uart_uart_GetRXD)
    i.uart_uart_SetCRWithMask                0x1000286e   Section        0  uart.o(i.uart_uart_SetCRWithMask)
    uart_uart_SetCRWithMask                  0x1000286f   Thumb Code    22  uart.o(i.uart_uart_SetCRWithMask)
    i.uart_uart_SetTXD                       0x10002884   Section        0  uart.o(i.uart_uart_SetTXD)
    uart_uart_SetTXD                         0x10002885   Thumb Code    16  uart.o(i.uart_uart_SetTXD)
    i.wdt_irq_clear                          0x10002894   Section        0  wdt.o(i.wdt_irq_clear)
    i.wdt_lock                               0x100028b4   Section        0  wdt.o(i.wdt_lock)
    wdt_lock                                 0x100028b5   Thumb Code    12  wdt.o(i.wdt_lock)
    i.wdt_unlock                             0x100028c4   Section        0  wdt.o(i.wdt_unlock)
    wdt_unlock                               0x100028c5   Thumb Code    12  wdt.o(i.wdt_unlock)
    i.wdt_wdt_SetLKR                         0x100028d8   Section        0  wdt.o(i.wdt_wdt_SetLKR)
    wdt_wdt_SetLKR                           0x100028d9   Thumb Code    20  wdt.o(i.wdt_wdt_SetLKR)
    .constdata                               0x100028ec   Section       51  uart.o(.constdata)
    .constdata                               0x1000291f   Section       12  localtime_i.o(.constdata)
    monlen                                   0x1000291f   Data          12  localtime_i.o(.constdata)
    .data                                    0x1000293c   Section       13  adc.o(.data)
    scan_ch_num                              0x1000293c   Data           1  adc.o(.data)
    ADC_SCALE                                0x1000293e   Data           2  adc.o(.data)
    ADC_VCM                                  0x10002940   Data           2  adc.o(.data)
    ADC_OFFSET                               0x10002942   Data           2  adc.o(.data)
    ADC_VCM_flag                             0x10002944   Data           1  adc.o(.data)
    ADC_VREF                                 0x10002946   Data           2  adc.o(.data)
    adc_offset_get_done                      0x10002948   Data           1  adc.o(.data)
    .data                                    0x1000294c   Section       10  analog.o(.data)
    acmp0_env                                0x1000294c   Data           4  analog.o(.data)
    acmp1_env                                0x10002950   Data           4  analog.o(.data)
    .data                                    0x10002958   Section        4  dma.o(.data)
    dma_env                                  0x10002958   Data           4  dma.o(.data)
    .data                                    0x1000295c   Section        4  gpio.o(.data)
    gpio_env                                 0x1000295c   Data           4  gpio.o(.data)
    .data                                    0x10002960   Section        4  rtc.o(.data)
    .data                                    0x10002964   Section        8  serialflash.o(.data)
    .data                                    0x1000296c   Section       32  sleep.o(.data)
    .data                                    0x1000298c   Section       12  syscon.o(.data)
    .data                                    0x10002998   Section       32  timer.o(.data)
    .data                                    0x100029b8   Section        4  wdt.o(.data)
    .data                                    0x100029bc   Section        8  retarget.o(.data)
    .data                                    0x100029c4   Section        8  adc_example.o(.data)
    .data                                    0x100029cc   Section        1  lib.o(.data)
    dc_dc_flag                               0x100029cc   Data           1  lib.o(.data)
    .bss                                     0x100029d0   Section       20  adc.o(.bss)
    adc_env                                  0x100029d0   Data          20  adc.o(.bss)
    .bss                                     0x100029e4   Section       12  rtc.o(.bss)
    .bss                                     0x100029f0   Section       56  spi.o(.bss)
    .bss                                     0x10002a28   Section       48  uart.o(.bss)
    uart0_env                                0x10002a28   Data          24  uart.o(.bss)
    uart1_env                                0x10002a40   Data          24  uart.o(.bss)
    .bss                                     0x10002a58   Section     1024  adc_example.o(.bss)
    .bss                                     0x10002e58   Section       44  localtime_w.o(.bss)
    _tms                                     0x10002e58   Data          44  localtime_w.o(.bss)
    STACK                                    0x10002e88   Section      512  startup.o(STACK)

    Global Symbols

    Symbol Name                              Value     Ov Type        Size  Object(Section)

    BuildAttributes$$THM_ISAv3M$S$PE$A:L22$X:L11$S22$IEEE1$IW$USESV6$~STKCKD$USESV7$~SHL$OSPACE$ROPI$EBA8$MICROLIB$REQ8$PRES8$EABIv2 0x00000000   Number         0  anon$$obj.o ABSOLUTE
    __ARM_use_no_argv                        0x00000000   Number         0  adc_example.o ABSOLUTE
    __use_no_errno                           0x00000000   Number         0  useno.o ABSOLUTE
    __use_no_exception_handling              0x00000000   Number         0  useno.o ABSOLUTE
    __use_no_fp                              0x00000000   Number         0  useno.o ABSOLUTE
    __use_no_heap                            0x00000000   Number         0  useno.o ABSOLUTE
    __use_no_heap_region                     0x00000000   Number         0  useno.o ABSOLUTE
    __use_no_semihosting                     0x00000000   Number         0  useno.o ABSOLUTE
    __use_no_semihosting_swi                 0x00000000   Number         0  useno.o ABSOLUTE
    __use_no_signal_handling                 0x00000000   Number         0  useno.o ABSOLUTE
    _printf_a                                0x00000000   Number         0  stubs.o ABSOLUTE
    _printf_c                                0x00000000   Number         0  stubs.o ABSOLUTE
    _printf_charcount                        0x00000000   Number         0  stubs.o ABSOLUTE
    _printf_d                                0x00000000   Number         0  stubs.o ABSOLUTE
    _printf_e                                0x00000000   Number         0  stubs.o ABSOLUTE
    _printf_f                                0x00000000   Number         0  stubs.o ABSOLUTE
    _printf_flags                            0x00000000   Number         0  stubs.o ABSOLUTE
    _printf_fp_dec                           0x00000000   Number         0  stubs.o ABSOLUTE
    _printf_fp_hex                           0x00000000   Number         0  stubs.o ABSOLUTE
    _printf_g                                0x00000000   Number         0  stubs.o ABSOLUTE
    _printf_i                                0x00000000   Number         0  stubs.o ABSOLUTE
    _printf_int_dec                          0x00000000   Number         0  stubs.o ABSOLUTE
    _printf_l                                0x00000000   Number         0  stubs.o ABSOLUTE
    _printf_lc                               0x00000000   Number         0  stubs.o ABSOLUTE
    _printf_ll                               0x00000000   Number         0  stubs.o ABSOLUTE
    _printf_lld                              0x00000000   Number         0  stubs.o ABSOLUTE
    _printf_lli                              0x00000000   Number         0  stubs.o ABSOLUTE
    _printf_llo                              0x00000000   Number         0  stubs.o ABSOLUTE
    _printf_llu                              0x00000000   Number         0  stubs.o ABSOLUTE
    _printf_llx                              0x00000000   Number         0  stubs.o ABSOLUTE
    _printf_longlong_dec                     0x00000000   Number         0  stubs.o ABSOLUTE
    _printf_longlong_hex                     0x00000000   Number         0  stubs.o ABSOLUTE
    _printf_longlong_oct                     0x00000000   Number         0  stubs.o ABSOLUTE
    _printf_ls                               0x00000000   Number         0  stubs.o ABSOLUTE
    _printf_mbtowc                           0x00000000   Number         0  stubs.o ABSOLUTE
    _printf_n                                0x00000000   Number         0  stubs.o ABSOLUTE
    _printf_o                                0x00000000   Number         0  stubs.o ABSOLUTE
    _printf_p                                0x00000000   Number         0  stubs.o ABSOLUTE
    _printf_percent                          0x00000000   Number         0  stubs.o ABSOLUTE
    _printf_pre_padding                      0x00000000   Number         0  stubs.o ABSOLUTE
    _printf_return_value                     0x00000000   Number         0  stubs.o ABSOLUTE
    _printf_s                                0x00000000   Number         0  stubs.o ABSOLUTE
    _printf_sizespec                         0x00000000   Number         0  stubs.o ABSOLUTE
    _printf_str                              0x00000000   Number         0  stubs.o ABSOLUTE
    _printf_truncate_signed                  0x00000000   Number         0  stubs.o ABSOLUTE
    _printf_truncate_unsigned                0x00000000   Number         0  stubs.o ABSOLUTE
    _printf_u                                0x00000000   Number         0  stubs.o ABSOLUTE
    _printf_wc                               0x00000000   Number         0  stubs.o ABSOLUTE
    _printf_wctomb                           0x00000000   Number         0  stubs.o ABSOLUTE
    _printf_widthprec                        0x00000000   Number         0  stubs.o ABSOLUTE
    _printf_x                                0x00000000   Number         0  stubs.o ABSOLUTE
    __cpp_initialize__aeabi_                  - Undefined Weak Reference
    __cxa_finalize                            - Undefined Weak Reference
    __decompress                              - Undefined Weak Reference
    _clock_init                               - Undefined Weak Reference
    _microlib_exit                            - Undefined Weak Reference
    __Vectors_Size                           0x000000c0   Number         0  startup.o ABSOLUTE
    __Vectors                                0x10000000   Data           4  startup.o(RESET)
    __Vectors_End                            0x100000c0   Data           0  startup.o(RESET)
    __main                                   0x100000c1   Thumb Code     0  entry.o(.ARM.Collect$$$$00000000)
    _main_stk                                0x100000c1   Thumb Code     0  entry2.o(.ARM.Collect$$$$00000001)
    _main_scatterload                        0x100000c5   Thumb Code     0  entry5.o(.ARM.Collect$$$$00000004)
    __main_after_scatterload                 0x100000c9   Thumb Code     0  entry5.o(.ARM.Collect$$$$00000004)
    _main_clock                              0x100000c9   Thumb Code     0  entry7b.o(.ARM.Collect$$$$00000008)
    _main_cpp_init                           0x100000c9   Thumb Code     0  entry8b.o(.ARM.Collect$$$$0000000A)
    _main_init                               0x100000c9   Thumb Code     0  entry9a.o(.ARM.Collect$$$$0000000B)
    __rt_final_cpp                           0x100000d1   Thumb Code     0  entry10a.o(.ARM.Collect$$$$0000000D)
    __rt_final_exit                          0x100000d1   Thumb Code     0  entry11a.o(.ARM.Collect$$$$0000000F)
    Reset_Handler                            0x100000d5   Thumb Code    14  startup.o(.text)
    NMI_Handler                              0x100000e3   Thumb Code     2  startup.o(.text)
    HardFault_Handler                        0x100000e5   Thumb Code     2  startup.o(.text)
    MemManage_Handler                        0x100000e7   Thumb Code     2  startup.o(.text)
    BusFault_Handler                         0x100000e9   Thumb Code     2  startup.o(.text)
    UsageFault_Handler                       0x100000eb   Thumb Code     2  startup.o(.text)
    SVC_Handler                              0x100000ed   Thumb Code     2  startup.o(.text)
    DebugMon_Handler                         0x100000ef   Thumb Code     2  startup.o(.text)
    PendSV_Handler                           0x100000f1   Thumb Code     2  startup.o(.text)
    SysTick_Handler                          0x100000f3   Thumb Code     2  startup.o(.text)
    ADC_IRQHandler                           0x100000f5   Thumb Code     0  startup.o(.text)
    BLE_IRQHandler                           0x100000f5   Thumb Code     0  startup.o(.text)
    CALIB_IRQHandler                         0x100000f5   Thumb Code     0  startup.o(.text)
    I2C_IRQHandler                           0x100000f5   Thumb Code     0  startup.o(.text)
    OSC_EN_IRQHandler                        0x100000f5   Thumb Code     0  startup.o(.text)
    PWM0_IRQHandler                          0x100000f5   Thumb Code     0  startup.o(.text)
    PWM1_IRQHandler                          0x100000f5   Thumb Code     0  startup.o(.text)
    SPI1_IRQHandler                          0x100000f5   Thumb Code     0  startup.o(.text)
    TUNER_RX_IRQHandler                      0x100000f5   Thumb Code     0  startup.o(.text)
    TUNER_SETTING_IRQHandler                 0x100000f5   Thumb Code     0  startup.o(.text)
    TUNER_TX_IRQHandler                      0x100000f5   Thumb Code     0  startup.o(.text)
    UART1_RX_IRQHandler                      0x100000f5   Thumb Code     0  startup.o(.text)
    UART1_TX_IRQHandler                      0x100000f5   Thumb Code     0  startup.o(.text)
    __aeabi_lmul                             0x10000105   Thumb Code   166  math.o(.text)
    __aeabi_uldivmod                         0x100001ab   Thumb Code   256  math.o(.text)
    __aeabi_uidiv                            0x100002ab   Thumb Code     0  uidiv.o(.text)
    __aeabi_uidivmod                         0x100002ab   Thumb Code    44  uidiv.o(.text)
    __aeabi_idiv                             0x100002d7   Thumb Code     0  idiv.o(.text)
    __aeabi_idivmod                          0x100002d7   Thumb Code    40  idiv.o(.text)
    __aeabi_memcpy                           0x100002ff   Thumb Code    36  memcpya.o(.text)
    __aeabi_memcpy4                          0x100002ff   Thumb Code     0  memcpya.o(.text)
    __aeabi_memcpy8                          0x100002ff   Thumb Code     0  memcpya.o(.text)
    memcmp                                   0x10000323   Thumb Code    26  memcmp.o(.text)
    localtime                                0x1000033d   Thumb Code    10  localtime_w.o(.text)
    _localtime                               0x1000034d   Thumb Code   104  localtime_i.o(.text)
    __scatterload                            0x100003c1   Thumb Code    28  init.o(.text)
    __scatterload_rt2                        0x100003c1   Thumb Code     0  init.o(.text)
    __rd_reg                                 0x100003e5   Thumb Code     6  math.o(REG_ACCESS_SECTION)
    __wr_reg                                 0x100003ed   Thumb Code     6  math.o(REG_ACCESS_SECTION)
    __wr_reg_with_msk                        0x100003f5   Thumb Code    14  math.o(REG_ACCESS_SECTION)
    ACMP0_IRQHandler                         0x10000405   Thumb Code    18  analog.o(i.ACMP0_IRQHandler)
    ACMP1_IRQHandler                         0x1000041d   Thumb Code    18  analog.o(i.ACMP1_IRQHandler)
    ADC_RESULT_mV                            0x10000435   Thumb Code    56  adc.o(i.ADC_RESULT_mV)
    DMA_IRQHandler                           0x1000047d   Thumb Code    66  dma.o(i.DMA_IRQHandler)
    GPIO_IRQHandler                          0x100004c9   Thumb Code   108  gpio.o(i.GPIO_IRQHandler)
    RTC_CAP_IRQHandler                       0x10000569   Thumb Code    60  rtc.o(i.RTC_CAP_IRQHandler)
    RTC_IRQHandler                           0x100005ad   Thumb Code    50  rtc.o(i.RTC_IRQHandler)
    SPI0_IRQHandler                          0x100005e5   Thumb Code   182  spi.o(i.SPI0_IRQHandler)
    SystemInit                               0x10000715   Thumb Code   108  system.o(i.SystemInit)
    TIMER0_IRQHandler                        0x10000795   Thumb Code    84  timer.o(i.TIMER0_IRQHandler)
    TIMER1_IRQHandler                        0x100007f1   Thumb Code    84  timer.o(i.TIMER1_IRQHandler)
    TIMER2_IRQHandler                        0x1000084d   Thumb Code    84  timer.o(i.TIMER2_IRQHandler)
    TIMER3_IRQHandler                        0x100008a9   Thumb Code    84  timer.o(i.TIMER3_IRQHandler)
    UART0_RX_IRQHandler                      0x10000905   Thumb Code   162  uart.o(i.UART0_RX_IRQHandler)
    UART0_TX_IRQHandler                      0x100009b1   Thumb Code    92  uart.o(i.UART0_TX_IRQHandler)
    UartPutc                                 0x10000a15   Thumb Code    48  uart.o(i.UartPutc)
    WDT_IRQHandler                           0x10000a49   Thumb Code    20  wdt.o(i.WDT_IRQHandler)
    __0printf$8                              0x10000a61   Thumb Code    24  printf8.o(i.__0printf$8)
    __1printf$8                              0x10000a61   Thumb Code     0  printf8.o(i.__0printf$8)
    __2printf                                0x10000a61   Thumb Code     0  printf8.o(i.__0printf$8)
    __nvds_get                               0x10000bdd   Thumb Code    46  lib.o(i.__nvds_get)
    __scatterload_copy                       0x10000cf1   Thumb Code    14  handlers.o(i.__scatterload_copy)
    __scatterload_null                       0x10000cff   Thumb Code     2  handlers.o(i.__scatterload_null)
    __scatterload_zeroinit                   0x10000d01   Thumb Code    14  handlers.o(i.__scatterload_zeroinit)
    adc_clean_fifo                           0x100011c1   Thumb Code    26  adc.o(i.adc_clean_fifo)
    adc_init                                 0x100011e1   Thumb Code   218  adc.o(i.adc_init)
    adc_read                                 0x100012cd   Thumb Code   336  adc.o(i.adc_read)
    calibration_init                         0x10001475   Thumb Code   130  calibration.o(i.calibration_init)
    dc_dc_enable                             0x10001515   Thumb Code    54  lib.o(i.dc_dc_enable)
    fputc                                    0x100015a5   Thumb Code    14  retarget.o(i.fputc)
    freq_hop_calibration                     0x100015b5   Thumb Code   140  calibration.o(i.freq_hop_calibration)
    is_flash_present                         0x1000168d   Thumb Code    28  serialflash.o(i.is_flash_present)
    main                                     0x100016ad   Thumb Code   106  adc_example.o(i.main)
    plf_init                                 0x100018ed   Thumb Code   494  lib.o(i.plf_init)
    power_off_flash                          0x10001b59   Thumb Code    44  serialflash.o(i.power_off_flash)
    power_on_flash                           0x10001b85   Thumb Code    76  serialflash.o(i.power_on_flash)
    rco_calibration                          0x10001d51   Thumb Code    48  calibration.o(i.rco_calibration)
    read_flash_id                            0x10001d85   Thumb Code    12  serialflash.o(i.read_flash_id)
    rtc_time_get                             0x10001db1   Thumb Code    36  rtc.o(i.rtc_time_get)
    seq_calibration                          0x10001e59   Thumb Code   142  calibration.o(i.seq_calibration)
    syscon_set_ahb_clk                       0x1000213d   Thumb Code    64  syscon.o(i.syscon_set_ahb_clk)
    syscon_set_apb_clk                       0x10002189   Thumb Code    62  syscon.o(i.syscon_set_apb_clk)
    syscon_set_ble_clk                       0x100021d1   Thumb Code    66  syscon.o(i.syscon_set_ble_clk)
    syscon_set_sysclk_src                    0x1000221d   Thumb Code   208  syscon.o(i.syscon_set_sysclk_src)
    syscon_set_timer_clk                     0x100022fd   Thumb Code    50  syscon.o(i.syscon_set_timer_clk)
    syscon_set_usart_clk                     0x10002335   Thumb Code   112  syscon.o(i.syscon_set_usart_clk)
    timer_config                             0x100023b9   Thumb Code    98  timer.o(i.timer_config)
    timer_init                               0x1000250d   Thumb Code   166  timer.o(i.timer_init)
    uart_init                                0x100026d1   Thumb Code   162  uart.o(i.uart_init)
    wdt_irq_clear                            0x10002895   Thumb Code    28  wdt.o(i.wdt_irq_clear)
    uart_divider                             0x100028ec   Data          51  uart.o(.constdata)
    Region$$Table$$Base                      0x1000292c   Number         0  anon$$obj.o(Region$$Table)
    Region$$Table$$Limit                     0x1000293c   Number         0  anon$$obj.o(Region$$Table)
    TEMP_OFFSET                              0x10002954   Data           2  analog.o(.data)
    rtc_capture_env                          0x10002960   Data           4  rtc.o(.data)
    g_flash_cmd                              0x10002964   Data           8  serialflash.o(.data)
    sleep_env                                0x1000296c   Data          20  sleep.o(.data)
    PGCR1_restore                            0x10002980   Data           4  sleep.o(.data)
    low_power_mode_en                        0x10002984   Data           1  sleep.o(.data)
    ahb_clock_flag                           0x10002988   Data           4  sleep.o(.data)
    g_SystemClock                            0x1000298c   Data           4  syscon.o(.data)
    g_AhbClock                               0x10002990   Data           4  syscon.o(.data)
    g_ApbClock                               0x10002994   Data           4  syscon.o(.data)
    timer0_env                               0x10002998   Data           8  timer.o(.data)
    timer1_env                               0x100029a0   Data           8  timer.o(.data)
    timer2_env                               0x100029a8   Data           8  timer.o(.data)
    timer3_env                               0x100029b0   Data           8  timer.o(.data)
    reset_test                               0x100029b8   Data           4  wdt.o(.data)
    __stdout                                 0x100029bc   Data           4  retarget.o(.data)
    __stdin                                  0x100029c0   Data           4  retarget.o(.data)
    adc_done                                 0x100029c4   Data           4  adc_example.o(.data)
    read_cfg                                 0x100029c8   Data           4  adc_example.o(.data)
    rtc_env                                  0x100029e4   Data          12  rtc.o(.bss)
    spi0_env                                 0x100029f0   Data          28  spi.o(.bss)
    spi1_env                                 0x10002a0c   Data          28  spi.o(.bss)
    buf                                      0x10002a58   Data        1024  adc_example.o(.bss)
    __initial_sp                             0x10003088   Data           0  startup.o(STACK)



==============================================================================

Memory Map of the image

  Image Entry point : 0x100000c1

  Load Region LR_ROM1 (Base: 0x10000000, Size: 0x000029d0, Max: 0x0000cdb0, ABSOLUTE)

    Execution Region APP_CODE (Base: 0x10000000, Size: 0x00003088, Max: 0x0000cdb0, ABSOLUTE)

    Base Addr    Size         Type   Attr      Idx    E Section Name        Object

    0x10000000   0x000000c0   Data   RO            3    RESET               startup.o
    0x100000c0   0x00000000   Code   RO         1932  * .ARM.Collect$$$$00000000  mc_p.l(entry.o)
    0x100000c0   0x00000004   Code   RO         2215    .ARM.Collect$$$$00000001  mc_p.l(entry2.o)
    0x100000c4   0x00000004   Code   RO         2218    .ARM.Collect$$$$00000004  mc_p.l(entry5.o)
    0x100000c8   0x00000000   Code   RO         2220    .ARM.Collect$$$$00000008  mc_p.l(entry7b.o)
    0x100000c8   0x00000000   Code   RO         2222    .ARM.Collect$$$$0000000A  mc_p.l(entry8b.o)
    0x100000c8   0x00000008   Code   RO         2223    .ARM.Collect$$$$0000000B  mc_p.l(entry9a.o)
    0x100000d0   0x00000000   Code   RO         2225    .ARM.Collect$$$$0000000D  mc_p.l(entry10a.o)
    0x100000d0   0x00000000   Code   RO         2227    .ARM.Collect$$$$0000000F  mc_p.l(entry11a.o)
    0x100000d0   0x00000004   Code   RO         2216    .ARM.Collect$$$$00002712  mc_p.l(entry2.o)
    0x100000d4   0x00000030   Code   RO            4    .text               startup.o
    0x10000104   0x000001a6   Code   RO         1840    .text               qn902xb2_lib_lite.lib(math.o)
    0x100002aa   0x0000002c   Code   RO         1935    .text               mc_p.l(uidiv.o)
    0x100002d6   0x00000028   Code   RO         1937    .text               mc_p.l(idiv.o)
    0x100002fe   0x00000024   Code   RO         1946    .text               mc_p.l(memcpya.o)
    0x10000322   0x0000001a   Code   RO         1950    .text               mc_p.l(memcmp.o)
    0x1000033c   0x00000010   Code   RO         2229    .text               mc_p.l(localtime_w.o)
    0x1000034c   0x00000074   Code   RO         2232    .text               mc_p.l(localtime_i.o)
    0x100003c0   0x00000024   Code   RO         2246    .text               mc_p.l(init.o)
    0x100003e4   0x0000001e   Code   RO         1839    REG_ACCESS_SECTION  qn902xb2_lib_lite.lib(math.o)
    0x10000402   0x00000002   PAD
    0x10000404   0x00000018   Code   RO          243    i.ACMP0_IRQHandler  analog.o
    0x1000041c   0x00000018   Code   RO          244    i.ACMP1_IRQHandler  analog.o
    0x10000434   0x00000048   Code   RO          125    i.ADC_RESULT_mV     adc.o
    0x1000047c   0x0000004c   Code   RO          337    i.DMA_IRQHandler    dma.o
    0x100004c8   0x00000078   Code   RO          455    i.GPIO_IRQHandler   gpio.o
    0x10000540   0x00000014   Code   RO         1343    i.NVIC_EnableIRQ    timer.o
    0x10000554   0x00000014   Code   RO         1480    i.NVIC_EnableIRQ    uart.o
    0x10000568   0x00000044   Code   RO          759    i.RTC_CAP_IRQHandler  rtc.o
    0x100005ac   0x00000038   Code   RO          760    i.RTC_IRQHandler    rtc.o
    0x100005e4   0x000000c4   Code   RO         1091    i.SPI0_IRQHandler   spi.o
    0x100006a8   0x0000006c   Code   RO           12    i.SystemIOCfg       system.o
    0x10000714   0x00000080   Code   RO           13    i.SystemInit        system.o
    0x10000794   0x0000005c   Code   RO         1344    i.TIMER0_IRQHandler  timer.o
    0x100007f0   0x0000005c   Code   RO         1345    i.TIMER1_IRQHandler  timer.o
    0x1000084c   0x0000005c   Code   RO         1346    i.TIMER2_IRQHandler  timer.o
    0x100008a8   0x0000005c   Code   RO         1347    i.TIMER3_IRQHandler  timer.o
    0x10000904   0x000000ac   Code   RO         1481    i.UART0_RX_IRQHandler  uart.o
    0x100009b0   0x00000064   Code   RO         1482    i.UART0_TX_IRQHandler  uart.o
    0x10000a14   0x00000034   Code   RO         1484    i.UartPutc          uart.o
    0x10000a48   0x00000018   Code   RO         1647    i.WDT_IRQHandler    wdt.o
    0x10000a60   0x00000020   Code   RO         2161    i.__0printf$8       mc_p.l(printf8.o)
    0x10000a80   0x000000b4   Code   RO          126    i.__adc_calibrate   adc.o
    0x10000b34   0x00000048   Code   RO          127    i.__adc_cofig       adc.o
    0x10000b7c   0x00000060   Code   RO          128    i.__adc_offset_get  adc.o
    0x10000bdc   0x00000034   Code   RO         1846    i.__nvds_get        qn902xb2_lib_lite.lib(lib.o)
    0x10000c10   0x000000e0   Code   RO         1849    i.__nvds_wrtie      qn902xb2_lib_lite.lib(lib.o)
    0x10000cf0   0x0000000e   Code   RO         2260    i.__scatterload_copy  mc_p.l(handlers.o)
    0x10000cfe   0x00000002   Code   RO         2261    i.__scatterload_null  mc_p.l(handlers.o)
    0x10000d00   0x0000000e   Code   RO         2262    i.__scatterload_zeroinit  mc_p.l(handlers.o)
    0x10000d0e   0x00000006   Code   RO         1092    i.__set_PRIMASK     spi.o
    0x10000d14   0x00000428   Code   RO         2168    i._printf_core      mc_p.l(printf8.o)
    0x1000113c   0x00000020   Code   RO         2169    i._printf_post_padding  mc_p.l(printf8.o)
    0x1000115c   0x0000002c   Code   RO         2170    i._printf_pre_padding  mc_p.l(printf8.o)
    0x10001188   0x0000000e   Code   RO          129    i.adc_adc_GetDATA   adc.o
    0x10001196   0x00000014   Code   RO          130    i.adc_adc_SetADC0WithMask  adc.o
    0x100011aa   0x00000014   Code   RO          131    i.adc_adc_SetADC1WithMask  adc.o
    0x100011be   0x00000002   PAD
    0x100011c0   0x00000020   Code   RO          134    i.adc_clean_fifo    adc.o
    0x100011e0   0x000000e0   Code   RO          137    i.adc_init          adc.o
    0x100012c0   0x0000000c   Code   RO          138    i.adc_offset_get_cb  adc.o
    0x100012cc   0x00000164   Code   RO          139    i.adc_read          adc.o
    0x10001430   0x0000000c   Code   RO         1779    i.adc_test_cb       adc_example.o
    0x1000143c   0x0000000a   Code   RO         1896    i.cal_cal_ClrSR     qn902xb2_lib_lite.lib(calibration.o)
    0x10001446   0x0000000a   Code   RO         1897    i.cal_cal_GetSR     qn902xb2_lib_lite.lib(calibration.o)
    0x10001450   0x00000008   Code   RO         1850    i.cal_cal_SetCAL0WithMask  qn902xb2_lib_lite.lib(lib.o)
    0x10001458   0x00000008   Code   RO         1898    i.cal_cal_SetCAL0WithMask  qn902xb2_lib_lite.lib(calibration.o)
    0x10001460   0x0000000a   Code   RO         1851    i.cal_cal_SetCAL1WithMask  qn902xb2_lib_lite.lib(lib.o)
    0x1000146a   0x0000000a   Code   RO         1901    i.cal_cal_SetCAL4WithMask  qn902xb2_lib_lite.lib(calibration.o)
    0x10001474   0x000000a0   Code   RO         1902    i.calibration_init  qn902xb2_lib_lite.lib(calibration.o)
    0x10001514   0x00000040   Code   RO         1853    i.dc_dc_enable      qn902xb2_lib_lite.lib(lib.o)
    0x10001554   0x00000010   Code   RO          338    i.dev_allow_sleep   dma.o
    0x10001564   0x00000010   Code   RO         1780    i.dev_allow_sleep   adc_example.o
    0x10001574   0x00000012   Code   RO          342    i.dma_dma_ClrIntStatus  dma.o
    0x10001586   0x0000000e   Code   RO          343    i.dma_dma_GetIntStatus  dma.o
    0x10001594   0x00000010   Code   RO         1854    i.dp_dp_SetRegWithMask  qn902xb2_lib_lite.lib(lib.o)
    0x100015a4   0x0000000e   Code   RO         1723    i.fputc             retarget.o
    0x100015b2   0x00000002   PAD
    0x100015b4   0x00000090   Code   RO         1903    i.freq_hop_calibration  qn902xb2_lib_lite.lib(calibration.o)
    0x10001644   0x00000030   Code   RO          881    i.is_flash_busy     serialflash.o
    0x10001674   0x00000018   Code   RO         1855    i.is_flash_off      qn902xb2_lib_lite.lib(lib.o)
    0x1000168c   0x00000020   Code   RO          882    i.is_flash_present  serialflash.o
    0x100016ac   0x00000080   Code   RO         1781    i.main              adc_example.o
    0x1000172c   0x00000040   Code   RO         1856    i.nvds_copy         qn902xb2_lib_lite.lib(lib.o)
    0x1000176c   0x0000002c   Code   RO         1857    i.nvds_erase        qn902xb2_lib_lite.lib(lib.o)
    0x10001798   0x00000094   Code   RO         1859    i.nvds_read         qn902xb2_lib_lite.lib(lib.o)
    0x1000182c   0x00000070   Code   RO         1860    i.nvds_restore_backup  qn902xb2_lib_lite.lib(lib.o)
    0x1000189c   0x0000004e   Code   RO         1861    i.nvds_write        qn902xb2_lib_lite.lib(lib.o)
    0x100018ea   0x00000002   PAD
    0x100018ec   0x0000026c   Code   RO         1863    i.plf_init          qn902xb2_lib_lite.lib(lib.o)
    0x10001b58   0x0000002c   Code   RO          883    i.power_off_flash   serialflash.o
    0x10001b84   0x0000004c   Code   RO          884    i.power_on_flash    serialflash.o
    0x10001bd0   0x00000180   Code   RO         1864    i.powerup_calibration  qn902xb2_lib_lite.lib(lib.o)
    0x10001d50   0x00000034   Code   RO         1909    i.rco_calibration   qn902xb2_lib_lite.lib(calibration.o)
    0x10001d84   0x00000010   Code   RO          886    i.read_flash_id     serialflash.o
    0x10001d94   0x00000010   Code   RO          768    i.rtc_rtc_ClrSR     rtc.o
    0x10001da4   0x0000000c   Code   RO          769    i.rtc_rtc_GetSR     rtc.o
    0x10001db0   0x0000002c   Code   RO          771    i.rtc_time_get      rtc.o
    0x10001ddc   0x0000004c   Code   RO          772    i.rtc_time_parse    rtc.o
    0x10001e28   0x00000030   Code   RO         1865    i.sector_erase_flash_patch  qn902xb2_lib_lite.lib(lib.o)
    0x10001e58   0x00000098   Code   RO         1912    i.seq_calibration   qn902xb2_lib_lite.lib(calibration.o)
    0x10001ef0   0x00000016   Code   RO          889    i.sf_ctrl_SetCRWithMask  serialflash.o
    0x10001f06   0x00000002   PAD
    0x10001f08   0x000000c8   Code   RO         1095    i.spi_int_enable    spi.o
    0x10001fd0   0x00000052   Code   RO         1098    i.spi_rx_data       spi.o
    0x10002022   0x0000000e   Code   RO         1099    i.spi_spi_GetRXD    spi.o
    0x10002030   0x0000000e   Code   RO         1100    i.spi_spi_GetSR     spi.o
    0x1000203e   0x00000012   Code   RO         1101    i.spi_spi_SetTXD    spi.o
    0x10002050   0x00000050   Code   RO         1103    i.spi_tx_data       spi.o
    0x100020a0   0x00000016   Code   RO          140    i.syscon_SetADCCRWithMask  adc.o
    0x100020b6   0x00000016   Code   RO         1203    i.syscon_SetCMDCRWithMask  syscon.o
    0x100020cc   0x00000010   Code   RO         1348    i.syscon_SetCRSC    timer.o
    0x100020dc   0x00000010   Code   RO         1485    i.syscon_SetCRSC    uart.o
    0x100020ec   0x00000010   Code   RO           14    i.syscon_SetCRSS    system.o
    0x100020fc   0x0000000a   Code   RO         1866    i.syscon_SetIvrefX32WithMask  qn902xb2_lib_lite.lib(lib.o)
    0x10002106   0x00000016   Code   RO         1206    i.syscon_SetPGCR1WithMask  syscon.o
    0x1000211c   0x0000000a   Code   RO         1867    i.syscon_SetPGCR1WithMask  qn902xb2_lib_lite.lib(lib.o)
    0x10002126   0x00000016   Code   RO          892    i.syscon_SetPGCR2WithMask  serialflash.o
    0x1000213c   0x0000004c   Code   RO         1211    i.syscon_set_ahb_clk  syscon.o
    0x10002188   0x00000048   Code   RO         1212    i.syscon_set_apb_clk  syscon.o
    0x100021d0   0x0000004c   Code   RO         1213    i.syscon_set_ble_clk  syscon.o
    0x1000221c   0x000000e0   Code   RO         1214    i.syscon_set_sysclk_src  syscon.o
    0x100022fc   0x00000038   Code   RO         1215    i.syscon_set_timer_clk  syscon.o
    0x10002334   0x00000084   Code   RO         1216    i.syscon_set_usart_clk  syscon.o
    0x100023b8   0x00000074   Code   RO         1351    i.timer_config      timer.o
    0x1000242c   0x00000074   Code   RO         1353    i.timer_enable      timer.o
    0x100024a0   0x0000006c   Code   RO         1782    i.timer_enable      adc_example.o
    0x1000250c   0x000000c8   Code   RO         1354    i.timer_init        timer.o
    0x100025d4   0x0000008c   Code   RO         1783    i.timer_test_cb     adc_example.o
    0x10002660   0x00000010   Code   RO         1357    i.timer_timer_ClrIntFlag  timer.o
    0x10002670   0x0000000e   Code   RO         1358    i.timer_timer_GetCCR  timer.o
    0x1000267e   0x0000000e   Code   RO         1359    i.timer_timer_GetICER  timer.o
    0x1000268c   0x0000000c   Code   RO         1360    i.timer_timer_GetIntFlag  timer.o
    0x10002698   0x00000010   Code   RO         1361    i.timer_timer_SetCR  timer.o
    0x100026a8   0x00000014   Code   RO         1362    i.timer_timer_SetCRWithMask  timer.o
    0x100026bc   0x00000012   Code   RO         1363    i.timer_timer_SetTOPR  timer.o
    0x100026ce   0x00000002   PAD
    0x100026d0   0x000000bc   Code   RO         1493    i.uart_init         uart.o
    0x1000278c   0x00000016   Code   RO         1497    i.uart_rx_int_enable  uart.o
    0x100027a2   0x00000002   PAD
    0x100027a4   0x0000004c   Code   RO         1784    i.uart_tx_enable    adc_example.o
    0x100027f0   0x00000050   Code   RO         1499    i.uart_tx_int_enable  uart.o
    0x10002840   0x00000012   Code   RO         1500    i.uart_uart_ClrIntFlag  uart.o
    0x10002852   0x0000000e   Code   RO         1501    i.uart_uart_GetIntFlag  uart.o
    0x10002860   0x0000000e   Code   RO         1502    i.uart_uart_GetRXD  uart.o
    0x1000286e   0x00000016   Code   RO         1503    i.uart_uart_SetCRWithMask  uart.o
    0x10002884   0x00000010   Code   RO         1504    i.uart_uart_SetTXD  uart.o
    0x10002894   0x00000020   Code   RO         1649    i.wdt_irq_clear     wdt.o
    0x100028b4   0x00000010   Code   RO         1650    i.wdt_lock          wdt.o
    0x100028c4   0x00000014   Code   RO         1652    i.wdt_unlock        wdt.o
    0x100028d8   0x00000014   Code   RO         1655    i.wdt_wdt_SetLKR    wdt.o
    0x100028ec   0x00000033   Data   RO         1507    .constdata          uart.o
    0x1000291f   0x0000000c   Data   RO         2233    .constdata          mc_p.l(localtime_i.o)
    0x1000292b   0x00000001   PAD
    0x1000292c   0x00000010   Data   RO         2258    Region$$Table       anon$$obj.o
    0x1000293c   0x0000000d   Data   RW          142    .data               adc.o
    0x10002949   0x00000003   PAD
    0x1000294c   0x0000000a   Data   RW          255    .data               analog.o
    0x10002956   0x00000002   PAD
    0x10002958   0x00000004   Data   RW          354    .data               dma.o
    0x1000295c   0x00000004   Data   RW          478    .data               gpio.o
    0x10002960   0x00000004   Data   RW          775    .data               rtc.o
    0x10002964   0x00000008   Data   RW          894    .data               serialflash.o
    0x1000296c   0x00000020   Data   RW         1000    .data               sleep.o
    0x1000298c   0x0000000c   Data   RW         1218    .data               syscon.o
    0x10002998   0x00000020   Data   RW         1364    .data               timer.o
    0x100029b8   0x00000004   Data   RW         1656    .data               wdt.o
    0x100029bc   0x00000008   Data   RW         1724    .data               retarget.o
    0x100029c4   0x00000008   Data   RW         1786    .data               adc_example.o
    0x100029cc   0x00000001   Data   RW         1868    .data               qn902xb2_lib_lite.lib(lib.o)
    0x100029cd   0x00000003   PAD
    0x100029d0   0x00000014   Zero   RW          141    .bss                adc.o
    0x100029e4   0x0000000c   Zero   RW          774    .bss                rtc.o
    0x100029f0   0x00000038   Zero   RW         1106    .bss                spi.o
    0x10002a28   0x00000030   Zero   RW         1506    .bss                uart.o
    0x10002a58   0x00000400   Zero   RW         1785    .bss                adc_example.o
    0x10002e58   0x0000002c   Zero   RW         2230    .bss                mc_p.l(localtime_w.o)
    0x10002e84   0x00000004   PAD
    0x10002e88   0x00000200   Zero   RW            1    STACK               startup.o


==============================================================================

Image component sizes


      Code (inc. data)   RO Data    RW Data    ZI Data      Debug   Object Name

      1120        108          0         13         20      27462   adc.o
       480         96          0          8       1024      22805   adc_example.o
        48         12          0         10          0       7208   analog.o
       124         14          0          4          0      25092   dma.o
       120         12          0          4          0      16814   gpio.o
        14          0          0          8          0       2394   retarget.o
       272         28          0          4         12      20123   rtc.o
       260         16          0          8          0      19748   serialflash.o
         0          0          0         32          0       3923   sleep.o
       610         32          0          0         56      20266   spi.o
        48         14        192          0        512        828   startup.o
       680         74          0         12          0      20443   syscon.o
       252         34          0          0          0      63161   system.o
       946        112          0         32          0      24218   timer.o
       734         64         51          0         48      22798   uart.o
       112         20          0          4          0      16610   wdt.o

    ----------------------------------------------------------------------
      5830        636        259        144       1672     313893   Object Totals
         0          0         16          0          0          0   (incl. Generated)
        10          0          0          5          0          0   (incl. Padding)

    ----------------------------------------------------------------------

      Code (inc. data)   RO Data    RW Data    ZI Data      Debug   Library Member Name

         0          0          0          0          0          0   entry.o
         0          0          0          0          0          0   entry10a.o
         0          0          0          0          0          0   entry11a.o
         8          4          0          0          0          0   entry2.o
         4          0          0          0          0          0   entry5.o
         0          0          0          0          0          0   entry7b.o
         0          0          0          0          0          0   entry8b.o
         8          4          0          0          0          0   entry9a.o
        30          0          0          0          0          0   handlers.o
        40          0          0          0          0         72   idiv.o
        36          8          0          0          0         68   init.o
       116         12         12          0          0         72   localtime_i.o
        16          6          0          0         44         68   localtime_w.o
        26          0          0          0          0         72   memcmp.o
        36          0          0          0          0         60   memcpya.o
      1172         52          0          0          0        324   printf8.o
        44          0          0          0          0         72   uidiv.o
       546         48          0          0          0        568   calibration.o
      1916        250          0          1          0       1260   lib.o
       452          4          0          0          0        184   math.o

    ----------------------------------------------------------------------
      4454        388         13          4         48       2820   Library Totals
         4          0          1          3          4          0   (incl. Padding)

    ----------------------------------------------------------------------

      Code (inc. data)   RO Data    RW Data    ZI Data      Debug   Library Name

      1536         86         12          0         44        808   mc_p.l
      2914        302          0          1          0       2012   qn902xb2_lib_lite.lib

    ----------------------------------------------------------------------
      4454        388         13          4         48       2820   Library Totals

    ----------------------------------------------------------------------

==============================================================================


      Code (inc. data)   RO Data    RW Data    ZI Data      Debug   

     10284       1024        272        148       1720     311261   Grand Totals
     10284       1024        272        148       1720     311261   ELF Image Totals
     10284       1024        272        148          0          0   ROM Totals

==============================================================================

    Total RO  Size (Code + RO Data)                10556 (  10.31kB)
    Total RW  Size (RW Data + ZI Data)              1868 (   1.82kB)
    Total ROM Size (Code + RO Data + RW Data)      10704 (  10.45kB)

==============================================================================

